Component: ARM Compiler 5.06 update 7 (build 960) Tool: armlink [4d3601]

==============================================================================

Section Cross References

    startup_stm32f10x_md.o(STACK) refers (Special) to heapauxi.o(.text) for __use_two_region_memory
    startup_stm32f10x_md.o(HEAP) refers (Special) to heapauxi.o(.text) for __use_two_region_memory
    startup_stm32f10x_md.o(RESET) refers (Special) to heapauxi.o(.text) for __use_two_region_memory
    startup_stm32f10x_md.o(RESET) refers to startup_stm32f10x_md.o(STACK) for __initial_sp
    startup_stm32f10x_md.o(RESET) refers to startup_stm32f10x_md.o(.text) for Reset_Handler
    startup_stm32f10x_md.o(RESET) refers to stm32f10x_it.o(i.NMI_Handler) for NMI_Handler
    startup_stm32f10x_md.o(RESET) refers to stm32f10x_it.o(i.HardFault_Handler) for HardFault_Handler
    startup_stm32f10x_md.o(RESET) refers to stm32f10x_it.o(i.MemManage_Handler) for MemManage_Handler
    startup_stm32f10x_md.o(RESET) refers to stm32f10x_it.o(i.BusFault_Handler) for BusFault_Handler
    startup_stm32f10x_md.o(RESET) refers to stm32f10x_it.o(i.UsageFault_Handler) for UsageFault_Handler
    startup_stm32f10x_md.o(RESET) refers to stm32f10x_it.o(i.SVC_Handler) for SVC_Handler
    startup_stm32f10x_md.o(RESET) refers to stm32f10x_it.o(i.DebugMon_Handler) for DebugMon_Handler
    startup_stm32f10x_md.o(RESET) refers to stm32f10x_it.o(i.PendSV_Handler) for PendSV_Handler
    startup_stm32f10x_md.o(RESET) refers to stm32f10x_it.o(i.SysTick_Handler) for SysTick_Handler
    startup_stm32f10x_md.o(RESET) refers to main.o(i.TIM3_IRQHandler) for TIM3_IRQHandler
    startup_stm32f10x_md.o(RESET) refers to esp8266.o(i.USART1_IRQHandler) for USART1_IRQHandler
    startup_stm32f10x_md.o(RESET) refers to usart.o(i.USART2_IRQHandler) for USART2_IRQHandler
    startup_stm32f10x_md.o(.text) refers (Special) to heapauxi.o(.text) for __use_two_region_memory
    startup_stm32f10x_md.o(.text) refers to system_stm32f10x.o(i.SystemInit) for SystemInit
    startup_stm32f10x_md.o(.text) refers to __main.o(!!!main) for __main
    startup_stm32f10x_md.o(.text) refers to startup_stm32f10x_md.o(HEAP) for Heap_Mem
    startup_stm32f10x_md.o(.text) refers to startup_stm32f10x_md.o(STACK) for Stack_Mem
    system_stm32f10x.o(i.SetSysClock) refers to system_stm32f10x.o(i.SetSysClockTo72) for SetSysClockTo72
    system_stm32f10x.o(i.SystemCoreClockUpdate) refers to system_stm32f10x.o(.data) for SystemCoreClock
    system_stm32f10x.o(i.SystemInit) refers to system_stm32f10x.o(i.SetSysClock) for SetSysClock
    stm32f10x_adc.o(i.ADC_DeInit) refers to stm32f10x_rcc.o(i.RCC_APB2PeriphResetCmd) for RCC_APB2PeriphResetCmd
    stm32f10x_bkp.o(i.BKP_DeInit) refers to stm32f10x_rcc.o(i.RCC_BackupResetCmd) for RCC_BackupResetCmd
    stm32f10x_can.o(i.CAN_DeInit) refers to stm32f10x_rcc.o(i.RCC_APB1PeriphResetCmd) for RCC_APB1PeriphResetCmd
    stm32f10x_can.o(i.CAN_GetITStatus) refers to stm32f10x_can.o(i.CheckITStatus) for CheckITStatus
    stm32f10x_cec.o(i.CEC_DeInit) refers to stm32f10x_rcc.o(i.RCC_APB1PeriphResetCmd) for RCC_APB1PeriphResetCmd
    stm32f10x_dac.o(i.DAC_DeInit) refers to stm32f10x_rcc.o(i.RCC_APB1PeriphResetCmd) for RCC_APB1PeriphResetCmd
    stm32f10x_flash.o(i.FLASH_EnableWriteProtection) refers to stm32f10x_flash.o(i.FLASH_WaitForLastOperation) for FLASH_WaitForLastOperation
    stm32f10x_flash.o(i.FLASH_EraseAllBank1Pages) refers to stm32f10x_flash.o(i.FLASH_WaitForLastBank1Operation) for FLASH_WaitForLastBank1Operation
    stm32f10x_flash.o(i.FLASH_EraseAllPages) refers to stm32f10x_flash.o(i.FLASH_WaitForLastOperation) for FLASH_WaitForLastOperation
    stm32f10x_flash.o(i.FLASH_EraseOptionBytes) refers to stm32f10x_flash.o(i.FLASH_GetReadOutProtectionStatus) for FLASH_GetReadOutProtectionStatus
    stm32f10x_flash.o(i.FLASH_EraseOptionBytes) refers to stm32f10x_flash.o(i.FLASH_WaitForLastOperation) for FLASH_WaitForLastOperation
    stm32f10x_flash.o(i.FLASH_ErasePage) refers to stm32f10x_flash.o(i.FLASH_WaitForLastOperation) for FLASH_WaitForLastOperation
    stm32f10x_flash.o(i.FLASH_ProgramHalfWord) refers to stm32f10x_flash.o(i.FLASH_WaitForLastOperation) for FLASH_WaitForLastOperation
    stm32f10x_flash.o(i.FLASH_ProgramOptionByteData) refers to stm32f10x_flash.o(i.FLASH_WaitForLastOperation) for FLASH_WaitForLastOperation
    stm32f10x_flash.o(i.FLASH_ProgramWord) refers to stm32f10x_flash.o(i.FLASH_WaitForLastOperation) for FLASH_WaitForLastOperation
    stm32f10x_flash.o(i.FLASH_ReadOutProtection) refers to stm32f10x_flash.o(i.FLASH_WaitForLastOperation) for FLASH_WaitForLastOperation
    stm32f10x_flash.o(i.FLASH_UserOptionByteConfig) refers to stm32f10x_flash.o(i.FLASH_WaitForLastOperation) for FLASH_WaitForLastOperation
    stm32f10x_flash.o(i.FLASH_WaitForLastBank1Operation) refers to stm32f10x_flash.o(i.FLASH_GetBank1Status) for FLASH_GetBank1Status
[...]
    EXTI0_IRQHandler                         0x08000257   Thumb Code     0  startup_stm32f10x_md.o(.text)
    EXTI15_10_IRQHandler                     0x08000257   Thumb Code     0  startup_stm32f10x_md.o(.text)
    EXTI1_IRQHandler                         0x08000257   Thumb Code     0  startup_stm32f10x_md.o(.text)
    EXTI2_IRQHandler                         0x08000257   Thumb Code     0  startup_stm32f10x_md.o(.text)
    EXTI3_IRQHandler                         0x08000257   Thumb Code     0  startup_stm32f10x_md.o(.text)
    EXTI4_IRQHandler                         0x08000257   Thumb Code     0  startup_stm32f10x_md.o(.text)
    EXTI9_5_IRQHandler                       0x08000257   Thumb Code     0  startup_stm32f10x_md.o(.text)
    FLASH_IRQHandler                         0x08000257   Thumb Code     0  startup_stm32f10x_md.o(.text)
    I2C1_ER_IRQHandler                       0x08000257   Thumb Code     0  startup_stm32f10x_md.o(.text)
    I2C1_EV_IRQHandler                       0x08000257   Thumb Code     0  startup_stm32f10x_md.o(.text)
    I2C2_ER_IRQHandler                       0x08000257   Thumb Code     0  startup_stm32f10x_md.o(.text)
    I2C2_EV_IRQHandler                       0x08000257   Thumb Code     0  startup_stm32f10x_md.o(.text)
    PVD_IRQHandler                           0x08000257   Thumb Code     0  startup_stm32f10x_md.o(.text)
    RCC_IRQHandler                           0x08000257   Thumb Code     0  startup_stm32f10x_md.o(.text)
    RTCAlarm_IRQHandler                      0x08000257   Thumb Code     0  startup_stm32f10x_md.o(.text)
    RTC_IRQHandler                           0x08000257   Thumb Code     0  startup_stm32f10x_md.o(.text)
    SPI1_IRQHandler                          0x08000257   Thumb Code     0  startup_stm32f10x_md.o(.text)
    SPI2_IRQHandler                          0x08000257   Thumb Code     0  startup_stm32f10x_md.o(.text)
    TAMPER_IRQHandler                        0x08000257   Thumb Code     0  startup_stm32f10x_md.o(.text)
    TIM1_BRK_IRQHandler                      0x08000257   Thumb Code     0  startup_stm32f10x_md.o(.text)
    TIM1_CC_IRQHandler                       0x08000257   Thumb Code     0  startup_stm32f10x_md.o(.text)
    TIM1_TRG_COM_IRQHandler                  0x08000257   Thumb Code     0  startup_stm32f10x_md.o(.text)
    TIM1_UP_IRQHandler                       0x08000257   Thumb Code     0  startup_stm32f10x_md.o(.text)
    TIM2_IRQHandler                          0x08000257   Thumb Code     0  startup_stm32f10x_md.o(.text)
    TIM4_IRQHandler                          0x08000257   Thumb Code     0  startup_stm32f10x_md.o(.text)
    USART3_IRQHandler                        0x08000257   Thumb Code     0  startup_stm32f10x_md.o(.text)
    USBWakeUp_IRQHandler                     0x08000257   Thumb Code     0  startup_stm32f10x_md.o(.text)
    USB_HP_CAN1_TX_IRQHandler                0x08000257   Thumb Code     0  startup_stm32f10x_md.o(.text)
    USB_LP_CAN1_RX0_IRQHandler               0x08000257   Thumb Code     0  startup_stm32f10x_md.o(.text)
    WWDG_IRQHandler                          0x08000257   Thumb Code     0  startup_stm32f10x_md.o(.text)
    __user_initial_stackheap                 0x08000259   Thumb Code     0  startup_stm32f10x_md.o(.text)
    malloc                                   0x0800027d   Thumb Code    94  h1_alloc.o(.text)
    free                                     0x080002db   Thumb Code    78  h1_free.o(.text)
    tolower                                  0x08000329   Thumb Code    26  tolower.o(.text)
    vsnprintf                                0x08000345   Thumb Code    48  vsnprintf.o(.text)
    __2sprintf                               0x08000379   Thumb Code    38  __2sprintf.o(.text)
    __2snprintf                              0x080003a5   Thumb Code    50  __2snprintf.o(.text)
    _printf_pre_padding                      0x080003dd   Thumb Code    44  _printf_pad.o(.text)
    _printf_post_padding                     0x08000409   Thumb Code    34  _printf_pad.o(.text)
    _printf_str                              0x0800042b   Thumb Code    82  _printf_str.o(.text)
    _printf_int_dec                          0x0800047d   Thumb Code   104  _printf_dec.o(.text)
    _printf_longlong_hex                     0x080004f5   Thumb Code    86  _printf_hex_int_ll_ptr.o(.text)
    _printf_int_hex                          0x0800054b   Thumb Code    28  _printf_hex_int_ll_ptr.o(.text)
    _printf_ll_hex                           0x08000567   Thumb Code    12  _printf_hex_int_ll_ptr.o(.text)
    _printf_hex_ptr                          0x08000573   Thumb Code    18  _printf_hex_int_ll_ptr.o(.text)
    __printf                                 0x08000589   Thumb Code   388  __printf_flags_ss_wp.o(.text)
    strchr                                   0x08000711   Thumb Code    20  strchr.o(.text)
    strncat                                  0x08000725   Thumb Code    36  strncat.o(.text)
    strstr                                   0x08000749   Thumb Code    36  strstr.o(.text)
    strcpy                                   0x0800076d   Thumb Code    72  strcpy.o(.text)
    strlen                                   0x080007b5   Thumb Code    62  strlen.o(.text)
    strncmp                                  0x080007f3   Thumb Code   150  strncmp.o(.text)
    strcat                                   0x08000889   Thumb Code    24  strcat.o(.text)
    __aeabi_memcpy                           0x080008a1   Thumb Code     0  rt_memcpy_v6.o(.text)
    __rt_memcpy                              0x080008a1   Thumb Code   138  rt_memcpy_v6.o(.text)
    _memcpy_lastbytes                        0x08000907   Thumb Code     0  rt_memcpy_v6.o(.text)
    __aeabi_memcpy4                          0x0800092b   Thumb Code     0  rt_memcpy_w.o(.text)
    __aeabi_memcpy8                          0x0800092b   Thumb Code     0  rt_memcpy_w.o(.text)
    __rt_memcpy_w                            0x0800092b   Thumb Code   100  rt_memcpy_w.o(.text)
    _memcpy_lastbytes_aligned                0x08000973   Thumb Code     0  rt_memcpy_w.o(.text)
    __aeabi_memclr                           0x0800098f   Thumb Code     0  rt_memclr.o(.text)
    __rt_memclr                              0x0800098f   Thumb Code    68  rt_memclr.o(.text)
    _memset                                  0x08000993   Thumb Code     0  rt_memclr.o(.text)
    __aeabi_memclr4                          0x080009d3   Thumb Code     0  rt_memclr_w.o(.text)
    __aeabi_memclr8                          0x080009d3   Thumb Code     0  rt_memclr_w.o(.text)
    __rt_memclr_w                            0x080009d3   Thumb Code    78  rt_memclr_w.o(.text)
    _memset_w                                0x080009d7   Thumb Code     0  rt_memclr_w.o(.text)
    __use_two_region_memory                  0x08000a21   Thumb Code     2  heapauxi.o(.text)
    __rt_heap_escrow                         0x08000a23   Thumb Code     2  heapauxi.o(.text)
    __rt_heap_expand                         0x08000a25   Thumb Code     2  heapauxi.o(.text)
    __rt_ctype_table                         0x08000a29   Thumb Code    16  rt_ctype_table.o(.text)
    __rt_heap_descriptor                     0x08000a39   Thumb Code     8  rt_heap_descriptor_intlibspace.o(.text)
    __use_no_heap                            0x08000a41   Thumb Code     2  hguard.o(.text)
    __heap$guard                             0x08000a43   Thumb Code     2  hguard.o(.text)
    _terminate_user_alloc                    0x08000a45   Thumb Code     2  init_alloc.o(.text)
    _init_user_alloc                         0x08000a47   Thumb Code     2  init_alloc.o(.text)
    __Heap_Full                              0x08000a49   Thumb Code    34  init_alloc.o(.text)
    __Heap_Broken                            0x08000a6b   Thumb Code     6  init_alloc.o(.text)
    _init_alloc                              0x08000a71   Thumb Code    94  init_alloc.o(.text)
    __Heap_Initialize                        0x08000acf   Thumb Code    10  h1_init.o(.text)
    __Heap_DescSize                          0x08000ad9   Thumb Code     4  h1_init.o(.text)
    __read_errno                             0x08000add   Thumb Code    10  _rserrno.o(.text)
    __set_errno                              0x08000ae7   Thumb Code    12  _rserrno.o(.text)
    _printf_truncate_signed                  0x08000af3   Thumb Code    18  _printf_truncate.o(.text)
    _printf_truncate_unsigned                0x08000b05   Thumb Code    18  _printf_truncate.o(.text)
    _printf_int_common                       0x08000b17   Thumb Code   178  _printf_intcommon.o(.text)
    _printf_charcount                        0x08000bc9   Thumb Code    40  _printf_charcount.o(.text)
    __lib_sel_fp_printf                      0x08000bf1   Thumb Code     2  _printf_fp_dec.o(.text)
    _printf_fp_dec_real                      0x08000da3   Thumb Code   620  _printf_fp_dec.o(.text)
    _printf_char_common                      0x0800101b   Thumb Code    32  _printf_char_common.o(.text)
    _sputc                                   0x08001041   Thumb Code    10  _sputc.o(.text)
    _snputc                                  0x0800104b   Thumb Code    16  _snputc.o(.text)
    _printf_cs_common                        0x0800105b   Thumb Code    20  _printf_char.o(.text)
    _printf_char                             0x0800106f   Thumb Code    16  _printf_char.o(.text)
    _printf_string                           0x0800107f   Thumb Code     8  _printf_char.o(.text)
    _printf_wctomb                           0x08001089   Thumb Code   182  _printf_wctomb.o(.text)
    _printf_longlong_dec                     0x08001145   Thumb Code   108  _printf_longlong_dec.o(.text)
    _printf_longlong_oct                     0x080011c1   Thumb Code    66  _printf_oct_int_ll.o(.text)
    _printf_int_oct                          0x08001203   Thumb Code    24  _printf_oct_int_ll.o(.text)
    _printf_ll_oct                           0x0800121b   Thumb Code    12  _printf_oct_int_ll.o(.text)
    __user_libspace                          0x08001231   Thumb Code     8  libspace.o(.text)
    __user_perproc_libspace                  0x08001231   Thumb Code     0  libspace.o(.text)
    __user_perthread_libspace                0x08001231   Thumb Code     0  libspace.o(.text)
    __rt_locale                              0x08001239   Thumb Code     8  rt_locale_intlibspace.o(.text)
    __aeabi_errno_addr                       0x08001241   Thumb Code     8  rt_errno_addr_intlibspace.o(.text)
    __errno$intlibspace                      0x08001241   Thumb Code     0  rt_errno_addr_intlibspace.o(.text)
    __rt_errno_addr$intlibspace              0x08001241   Thumb Code     0  rt_errno_addr_intlibspace.o(.text)
    __Heap_ProvideMemory                     0x08001249   Thumb Code    52  h1_extend.o(.text)
    _ll_udiv10                               0x0800127d   Thumb Code   138  lludiv10.o(.text)
    _printf_fp_hex_real                      0x08001309   Thumb Code   756  _printf_fp_hex.o(.text)
    _printf_fp_infnan                        0x08001605   Thumb Code   112  _printf_fp_infnan.o(.text)
    _printf_lcs_common                       0x08001685   Thumb Code    20  _printf_wchar.o(.text)
    _printf_wchar                            0x08001699   Thumb Code    16  _printf_wchar.o(.text)
    _printf_wstring                          0x080016a9   Thumb Code     8  _printf_wchar.o(.text)
    _btod_etento                             0x080016b1   Thumb Code   224  bigflt0.o(.text)
    _wcrtomb                                 0x08001795   Thumb Code    64  _wcrtomb.o(.text)
    __rt_SIGRTMEM                            0x080017d5   Thumb Code    14  defsig_rtmem_outer.o(.text)
    __I$use$semihosting                      0x080017e3   Thumb Code     0  use_no_semi.o(.text)
    __use_no_semihosting_swi                 0x080017e3   Thumb Code     2  use_no_semi.o(.text)
    __semihosting_library_function           0x080017e5   Thumb Code     0  indicate_semi.o(.text)
    __user_setup_stackheap                   0x080017e5   Thumb Code    74  sys_stackheap_outer.o(.text)
    exit                                     0x0800182f   Thumb Code    18  exit.o(.text)
    __sig_exit                               0x08001841   Thumb Code    10  defsig_exit.o(.text)
    __rt_SIGRTMEM_inner                      0x0800184d   Thumb Code    22  defsig_rtmem_inner.o(.text)
    strcmp                                   0x0800189d   Thumb Code   128  strcmpv7m.o(.text)
    _sys_exit                                0x0800191d   Thumb Code     8  sys_exit.o(.text)
    __default_signal_display                 0x08001929   Thumb Code    50  defsig_general.o(.text)
    _ttywrch                                 0x0800195b   Thumb Code    14  sys_wrch.o(.text)
    _btod_d2e                                0x08001969   Thumb Code    62  btod.o(CL$$btod_d2e)
    _d2e_denorm_low                          0x080019a7   Thumb Code    70  btod.o(CL$$btod_d2e_denorm_low)
    _d2e_norm_op1                            0x080019ed   Thumb Code    96  btod.o(CL$$btod_d2e_norm_op1)
    __btod_div_common                        0x08001a4d   Thumb Code   696  btod.o(CL$$btod_div_common)
    _e2e                                     0x08001d85   Thumb Code   220  btod.o(CL$$btod_e2e)
    _btod_ediv                               0x08001e61   Thumb Code    42  btod.o(CL$$btod_ediv)
    _btod_emul                               0x08001e8b   Thumb Code    42  btod.o(CL$$btod_emul)
    __btod_mult_common                       0x08001eb5   Thumb Code   580  btod.o(CL$$btod_mult_common)
    ADC_Cmd                                  0x080020f9   Thumb Code    22  stm32f10x_adc.o(i.ADC_Cmd)
    ADC_DeInit                               0x08002111   Thumb Code    78  stm32f10x_adc.o(i.ADC_DeInit)
    ADC_GetCalibrationStatus                 0x0800216d   Thumb Code    20  stm32f10x_adc.o(i.ADC_GetCalibrationStatus)
    ADC_GetConversionValue                   0x08002181   Thumb Code     8  stm32f10x_adc.o(i.ADC_GetConversionValue)
    ADC_GetFlagStatus                        0x08002189   Thumb Code    18  stm32f10x_adc.o(i.ADC_GetFlagStatus)
    ADC_GetResetCalibrationStatus            0x0800219b   Thumb Code    20  stm32f10x_adc.o(i.ADC_GetResetCalibrationStatus)
    ADC_Init                                 0x080021b1   Thumb Code    70  stm32f10x_adc.o(i.ADC_Init)
    ADC_RegularChannelConfig                 0x08002201   Thumb Code   184  stm32f10x_adc.o(i.ADC_RegularChannelConfig)
    ADC_ResetCalibration                     0x080022b9   Thumb Code    10  stm32f10x_adc.o(i.ADC_ResetCalibration)
    ADC_SoftwareStartConvCmd                 0x080022c3   Thumb Code    22  stm32f10x_adc.o(i.ADC_SoftwareStartConvCmd)
    ADC_StartCalibration                     0x080022d9   Thumb Code    10  stm32f10x_adc.o(i.ADC_StartCalibration)
    Adc_Init                                 0x080022e5   Thumb Code   146  adc.o(i.Adc_Init)
    BASE64_Decode                            0x08002381   Thumb Code   360  base64.o(i.BASE64_Decode)
    BASE64_Encode                            0x080024ed   Thumb Code   320  base64.o(i.BASE64_Encode)
    BH1750_Init                              0x08002631   Thumb Code    26  bh1750.o(i.BH1750_Init)
    BH1750_ReadLightIntensity                0x0800264b   Thumb Code    52  bh1750.o(i.BH1750_ReadLightIntensity)
    BH1750_WriteCmd                          0x0800267f   Thumb Code    34  bh1750.o(i.BH1750_WriteCmd)
    BusFault_Handler                         0x080026a1   Thumb Code     4  stm32f10x_it.o(i.BusFault_Handler)
    DHT11_Init                               0x080026a5   Thumb Code    12  dht11.o(i.DHT11_Init)
    DHT11_Mode                               0x080026b1   Thumb Code    52  dht11.o(i.DHT11_Mode)
    DHT11_Read_Byte                          0x080026e9   Thumb Code   144  dht11.o(i.DHT11_Read_Byte)
    DHT11_Read_Data                          0x08002781   Thumb Code   110  dht11.o(i.DHT11_Read_Data)
    DHT11_Sends_Response                     0x080027f1   Thumb Code   100  dht11.o(i.DHT11_Sends_Response)
    DHT11_Sends_Start                        0x0800285d   Thumb Code    42  dht11.o(i.DHT11_Sends_Start)
    DebugMon_Handler                         0x0800288d   Thumb Code     2  stm32f10x_it.o(i.DebugMon_Handler)
    Delay_ms                                 0x0800288f   Thumb Code    24  delay.o(i.Delay_ms)
    Delay_us                                 0x080028a7   Thumb Code    46  delay.o(i.Delay_us)
    ESP8266_Clear                            0x080028d5   Thumb Code    20  esp8266.o(i.ESP8266_Clear)
    ESP8266_GetIPD                           0x080028f1   Thumb Code    68  esp8266.o(i.ESP8266_GetIPD)
    ESP8266_Init                             0x08002941   Thumb Code   162  esp8266.o(i.ESP8266_Init)
    ESP8266_SendCmd                          0x08002a79   Thumb Code    76  esp8266.o(i.ESP8266_SendCmd)
    ESP8266_SendData                         0x08002acd   Thumb Code    46  esp8266.o(i.ESP8266_SendData)
    ESP8266_WaitRecive                       0x08002b15   Thumb Code    42  esp8266.o(i.ESP8266_WaitRecive)
    GPIO_Configuration                       0x08002b49   Thumb Code    50  spray.o(i.GPIO_Configuration)
    GPIO_Init                                0x08002b81   Thumb Code   278  stm32f10x_gpio.o(i.GPIO_Init)
    GPIO_ReadInputDataBit                    0x08002c97   Thumb Code    18  stm32f10x_gpio.o(i.GPIO_ReadInputDataBit)
    GPIO_ResetBits                           0x08002ca9   Thumb Code     4  stm32f10x_gpio.o(i.GPIO_ResetBits)
    GPIO_SetBits                             0x08002cad   Thumb Code     4  stm32f10x_gpio.o(i.GPIO_SetBits)
    GPIO_WriteBit                            0x08002cb1   Thumb Code    10  stm32f10x_gpio.o(i.GPIO_WriteBit)
    Get_Adc                                  0x08002cbd   Thumb Code    46  adc.o(i.Get_Adc)
    Get_Adc_Average                          0x08002cf1   Thumb Code    50  adc.o(i.Get_Adc_Average)
    Get_soilhumi                             0x08002d25   Thumb Code    52  soil_humi.o(i.Get_soilhumi)
    HardFault_Handler                        0x08002d65   Thumb Code     4  stm32f10x_it.o(i.HardFault_Handler)
    MQTT_DeleteBuffer                        0x08002d69   Thumb Code    28  mqttkit.o(i.MQTT_DeleteBuffer)
    MQTT_DumpLength                          0x08002d85   Thumb Code    46  mqttkit.o(i.MQTT_DumpLength)
    MQTT_NewBuffer                           0x08002db3   Thumb Code    88  mqttkit.o(i.MQTT_NewBuffer)
    MQTT_PacketConnect                       0x08002e0d   Thumb Code   666  mqttkit.o(i.MQTT_PacketConnect)
    MQTT_PacketPublish                       0x080030ad   Thumb Code   440  mqttkit.o(i.MQTT_PacketPublish)
    MQTT_PacketSaveData                      0x08003265   Thumb Code    68  mqttkit.o(i.MQTT_PacketSaveData)
    MQTT_PacketSubscribe                     0x080032c9   Thumb Code   254  mqttkit.o(i.MQTT_PacketSubscribe)
    MQTT_ReadLength                          0x080033c7   Thumb Code    70  mqttkit.o(i.MQTT_ReadLength)
    MQTT_UnPacketConnectAck                  0x0800340d   Thumb Code    30  mqttkit.o(i.MQTT_UnPacketConnectAck)
    MQTT_UnPacketPublish                     0x0800342d   Thumb Code   438  mqttkit.o(i.MQTT_UnPacketPublish)
    MQTT_UnPacketPublishAck                  0x080035ed   Thumb Code    30  mqttkit.o(i.MQTT_UnPacketPublishAck)
    MQTT_UnPacketRecv                        0x0800360d   Thumb Code   106  mqttkit.o(i.MQTT_UnPacketRecv)
    MQTT_UnPacketSubscribe                   0x08003681   Thumb Code    52  mqttkit.o(i.MQTT_UnPacketSubscribe)
    MemManage_Handler                        0x080036b5   Thumb Code     4  stm32f10x_it.o(i.MemManage_Handler)
    Motor_Init                               0x080036b9   Thumb Code    42  motor.o(i.Motor_Init)
    Motor_SetSpeed                           0x080036e9   Thumb Code    74  motor.o(i.Motor_SetSpeed)
    MyI2C_Init                               0x0800373d   Thumb Code    46  myi2c.o(i.MyI2C_Init)
    MyI2C_R_SDA                              0x08003771   Thumb Code    22  myi2c.o(i.MyI2C_R_SDA)
    MyI2C_ReceiveAck                         0x0800378d   Thumb Code    30  myi2c.o(i.MyI2C_ReceiveAck)
    MyI2C_ReceiveByte                        0x080037ab   Thumb Code    52  myi2c.o(i.MyI2C_ReceiveByte)
    MyI2C_SendAck                            0x080037df   Thumb Code    24  myi2c.o(i.MyI2C_SendAck)
    MyI2C_SendByte                           0x080037f7   Thumb Code    42  myi2c.o(i.MyI2C_SendByte)
    MyI2C_Start                              0x08003821   Thumb Code    28  myi2c.o(i.MyI2C_Start)
    MyI2C_Stop                               0x0800383d   Thumb Code    22  myi2c.o(i.MyI2C_Stop)
    MyI2C_W_SCL                              0x08003855   Thumb Code    22  myi2c.o(i.MyI2C_W_SCL)
    MyI2C_W_SDA                              0x08003871   Thumb Code    22  myi2c.o(i.MyI2C_W_SDA)
    NMI_Handler                              0x0800388d   Thumb Code     2  stm32f10x_it.o(i.NMI_Handler)
    NVIC_Init                                0x08003891   Thumb Code   100  misc.o(i.NVIC_Init)
    NVIC_PriorityGroupConfig                 0x08003901   Thumb Code    10  misc.o(i.NVIC_PriorityGroupConfig)
    OLED_Clear                               0x08003915   Thumb Code    42  oled.o(i.OLED_Clear)
    OLED_I2C_Init                            0x08003941   Thumb Code    76  oled.o(i.OLED_I2C_Init)
    OLED_I2C_SendByte                        0x08003991   Thumb Code    80  oled.o(i.OLED_I2C_SendByte)
    OLED_I2C_Start                           0x080039e5   Thumb Code    48  oled.o(i.OLED_I2C_Start)
    OLED_I2C_Stop                            0x08003a19   Thumb Code    36  oled.o(i.OLED_I2C_Stop)
    OLED_Init                                0x08003a41   Thumb Code   174  oled.o(i.OLED_Init)
    OLED_Pow                                 0x08003aef   Thumb Code    20  oled.o(i.OLED_Pow)
    OLED_SetCursor                           0x08003b03   Thumb Code    34  oled.o(i.OLED_SetCursor)
    OLED_ShowChar                            0x08003b25   Thumb Code   110  oled.o(i.OLED_ShowChar)
    OLED_ShowChinese                         0x08003b99   Thumb Code   102  oled.o(i.OLED_ShowChinese)
    OLED_ShowNum                             0x08003c05   Thumb Code    68  oled.o(i.OLED_ShowNum)
    OLED_ShowString                          0x08003c49   Thumb Code    40  oled.o(i.OLED_ShowString)
    OLED_WriteCommand                        0x08003c71   Thumb Code    32  oled.o(i.OLED_WriteCommand)
    OLED_WriteData                           0x08003c91   Thumb Code    32  oled.o(i.OLED_WriteData)
    OneNET_Subscribe                         0x08003f65   Thumb Code    72  onenet.o(i.OneNET_Subscribe)
    OneNet_DevLink                           0x08003fdd   Thumb Code   258  onenet.o(i.OneNet_DevLink)
    OneNet_FillBuf                           0x0800423d   Thumb Code   268  onenet.o(i.OneNet_FillBuf)
    OneNet_RevPro                            0x08004435   Thumb Code   340  onenet.o(i.OneNet_RevPro)
    OneNet_SendData                          0x080045e5   Thumb Code   100  onenet.o(i.OneNet_SendData)
    PWM_Init                                 0x08004659   Thumb Code   144  pwm.o(i.PWM_Init)
    PWM_SetCompare3                          0x080046ed   Thumb Code    16  pwm.o(i.PWM_SetCompare3)
    PendSV_Handler                           0x080046fd   Thumb Code     2  stm32f10x_it.o(i.PendSV_Handler)
    RCC_ADCCLKConfig                         0x08004701   Thumb Code    18  stm32f10x_rcc.o(i.RCC_ADCCLKConfig)
    RCC_APB1PeriphClockCmd                   0x08004719   Thumb Code    26  stm32f10x_rcc.o(i.RCC_APB1PeriphClockCmd)
    RCC_APB2PeriphClockCmd                   0x08004739   Thumb Code    26  stm32f10x_rcc.o(i.RCC_APB2PeriphClockCmd)
    RCC_APB2PeriphResetCmd                   0x08004759   Thumb Code    26  stm32f10x_rcc.o(i.RCC_APB2PeriphResetCmd)
    RCC_GetClocksFreq                        0x08004779   Thumb Code   192  stm32f10x_rcc.o(i.RCC_GetClocksFreq)
    Relay_Init                               0x0800484d   Thumb Code    48  relay.o(i.Relay_Init)
    Relay_OFF                                0x08004881   Thumb Code    20  relay.o(i.Relay_OFF)
    Relay_ON                                 0x0800489d   Thumb Code    20  relay.o(i.Relay_ON)
    SVC_Handler                              0x080048b9   Thumb Code     2  stm32f10x_it.o(i.SVC_Handler)
    SysTick_Handler                          0x080049a5   Thumb Code     2  stm32f10x_it.o(i.SysTick_Handler)
    SystemInit                               0x080049a9   Thumb Code    78  system_stm32f10x.o(i.SystemInit)
    TIM3_IRQHandler                          0x08004a09   Thumb Code    30  main.o(i.TIM3_IRQHandler)
    TIM_ClearFlag                            0x08004a31   Thumb Code     6  stm32f10x_tim.o(i.TIM_ClearFlag)
    TIM_ClearITPendingBit                    0x08004a37   Thumb Code     6  stm32f10x_tim.o(i.TIM_ClearITPendingBit)
    TIM_Cmd                                  0x08004a3d   Thumb Code    24  stm32f10x_tim.o(i.TIM_Cmd)
    TIM_GetITStatus                          0x08004a55   Thumb Code    34  stm32f10x_tim.o(i.TIM_GetITStatus)
    TIM_ITConfig                             0x08004a77   Thumb Code    18  stm32f10x_tim.o(i.TIM_ITConfig)
    TIM_InternalClockConfig                  0x08004a89   Thumb Code    12  stm32f10x_tim.o(i.TIM_InternalClockConfig)
    TIM_OC3Init                              0x08004a95   Thumb Code   150  stm32f10x_tim.o(i.TIM_OC3Init)
    TIM_OCStructInit                         0x08004b35   Thumb Code    20  stm32f10x_tim.o(i.TIM_OCStructInit)
    TIM_SetCompare3                          0x08004b49   Thumb Code     4  stm32f10x_tim.o(i.TIM_SetCompare3)
    TIM_TimeBaseInit                         0x08004b4d   Thumb Code   122  stm32f10x_tim.o(i.TIM_TimeBaseInit)
    Timer3_Init                              0x08004bf1   Thumb Code   120  main.o(i.Timer3_Init)
    USART1_IRQHandler                        0x08004c6d   Thumb Code    64  esp8266.o(i.USART1_IRQHandler)
    USART2_IRQHandler                        0x08004cb9   Thumb Code    24  usart.o(i.USART2_IRQHandler)
    USART_ClearFlag                          0x08004cd5   Thumb Code    18  stm32f10x_usart.o(i.USART_ClearFlag)
    USART_Cmd                                0x08004ce7   Thumb Code    24  stm32f10x_usart.o(i.USART_Cmd)
    USART_GetFlagStatus                      0x08004cff   Thumb Code    26  stm32f10x_usart.o(i.USART_GetFlagStatus)
    USART_GetITStatus                        0x08004d19   Thumb Code    84  stm32f10x_usart.o(i.USART_GetITStatus)
    USART_ITConfig                           0x08004d6d   Thumb Code    74  stm32f10x_usart.o(i.USART_ITConfig)
    USART_Init                               0x08004db9   Thumb Code   210  stm32f10x_usart.o(i.USART_Init)
    USART_SendData                           0x08004e91   Thumb Code     8  stm32f10x_usart.o(i.USART_SendData)
    UsageFault_Handler                       0x08004e99   Thumb Code     4  stm32f10x_it.o(i.UsageFault_Handler)
    Usart1_Init                              0x08004e9d   Thumb Code   166  usart.o(i.Usart1_Init)
    UsartPrintf                              0x08004f4d   Thumb Code    72  usart.o(i.UsartPrintf)
    Usart_SendString                         0x08004f95   Thumb Code    50  usart.o(i.Usart_SendString)
    __ARM_fpclassify                         0x08004fc7   Thumb Code    40  fpclassify.o(i.__ARM_fpclassify)
    __kernel_poly                            0x08004fef   Thumb Code   170  poly.o(i.__kernel_poly)
    __mathlib_dbl_divzero                    0x08005099   Thumb Code    12  dunder.o(i.__mathlib_dbl_divzero)
    __mathlib_dbl_infnan2                    0x080050a9   Thumb Code     4  dunder.o(i.__mathlib_dbl_infnan2)
    __mathlib_dbl_invalid                    0x080050ad   Thumb Code    12  dunder.o(i.__mathlib_dbl_invalid)
    __mathlib_dbl_overflow                   0x080050b9   Thumb Code    14  dunder.o(i.__mathlib_dbl_overflow)
    __mathlib_dbl_underflow                  0x080050c9   Thumb Code    10  dunder.o(i.__mathlib_dbl_underflow)
    _is_digit                                0x080050d9   Thumb Code    14  __printf_wp.o(i._is_digit)
    cJSON_Delete                             0x080050e9   Thumb Code    82  cjson.o(i.cJSON_Delete)
    cJSON_GetObjectItem                      0x08005141   Thumb Code    30  cjson.o(i.cJSON_GetObjectItem)
    cJSON_Parse                              0x08005181   Thumb Code    16  cjson.o(i.cJSON_Parse)
    cJSON_ParseWithOpts                      0x08005191   Thumb Code    96  cjson.o(i.cJSON_ParseWithOpts)
    display1                                 0x08005241   Thumb Code   244  main.o(i.display1)
    ft                                       0x08005335   Thumb Code    76  hmac_sha1.o(i.ft)
    hmac_sha1                                0x08005381   Thumb Code   302  hmac_sha1.o(i.hmac_sha1)
    k                                        0x080054b1   Thumb Code    34  hmac_sha1.o(i.k)
    main                                     0x080054e5   Thumb Code   284  main.o(i.main)
    pow                                      0x08005d81   Thumb Code  2512  pow.o(i.pow)
    rotl                                     0x08006759   Thumb Code    46  hmac_sha1.o(i.rotl)
    sha1                                     0x08006789   Thumb Code   632  hmac_sha1.o(i.sha1)
    soil_humi_Init                           0x08006a21   Thumb Code    36  soil_humi.o(i.soil_humi_Init)
    spray_OFF                                0x08006a49   Thumb Code    20  spray.o(i.spray_OFF)
    spray_ON                                 0x08006a65   Thumb Code    20  spray.o(i.spray_ON)
    sqrt                                     0x08006a81   Thumb Code    76  sqrt.o(i.sqrt)
    _get_lc_ctype                            0x08006acd   Thumb Code    44  lc_ctype_c.o(locale$$code)
    _get_lc_numeric                          0x08006af9   Thumb Code    44  lc_numeric_c.o(locale$$code)
    __aeabi_dadd                             0x08006b25   Thumb Code     0  daddsub_clz.o(x$fpl$dadd)
    _dadd                                    0x08006b25   Thumb Code   332  daddsub_clz.o(x$fpl$dadd)
    __fpl_dcheck_NaN1                        0x08006c75   Thumb Code    10  dcheck1.o(x$fpl$dcheck1)
    __fpl_dcmp_Inf                           0x08006c85   Thumb Code    24  dcmpi.o(x$fpl$dcmpinf)
    __aeabi_ddiv                             0x08006c9d   Thumb Code     0  ddiv.o(x$fpl$ddiv)
    _ddiv                                    0x08006c9d   Thumb Code   552  ddiv.o(x$fpl$ddiv)
    __aeabi_d2iz                             0x08006f4d   Thumb Code     0  dfix.o(x$fpl$dfix)
    _dfix                                    0x08006f4d   Thumb Code    94  dfix.o(x$fpl$dfix)
    __aeabi_d2uiz                            0x08006fad   Thumb Code     0  dfixu.o(x$fpl$dfixu)
    _dfixu                                   0x08006fad   Thumb Code    90  dfixu.o(x$fpl$dfixu)
    __aeabi_i2d                              0x08007007   Thumb Code     0  dflt_clz.o(x$fpl$dflt)
    _dflt                                    0x08007007   Thumb Code    46  dflt_clz.o(x$fpl$dflt)
    __aeabi_ui2d                             0x08007035   Thumb Code     0  dflt_clz.o(x$fpl$dfltu)
    _dfltu                                   0x08007035   Thumb Code    38  dflt_clz.o(x$fpl$dfltu)
    __aeabi_cdcmple                          0x0800705d   Thumb Code     0  dleqf.o(x$fpl$dleqf)
    _dcmple                                  0x0800705d   Thumb Code   120  dleqf.o(x$fpl$dleqf)
    __fpl_dcmple_InfNaN                      0x080070bf   Thumb Code     0  dleqf.o(x$fpl$dleqf)
    __aeabi_dmul                             0x080070d5   Thumb Code     0  dmul.o(x$fpl$dmul)
    _dmul                                    0x080070d5   Thumb Code   332  dmul.o(x$fpl$dmul)
    __fpl_dnaninf                            0x08007229   Thumb Code   156  dnaninf.o(x$fpl$dnaninf)
    __fpl_dretinf                            0x080072c5   Thumb Code    12  dretinf.o(x$fpl$dretinf)
    __aeabi_cdrcmple                         0x080072d1   Thumb Code     0  drleqf.o(x$fpl$drleqf)
    _drcmple                                 0x080072d1   Thumb Code   108  drleqf.o(x$fpl$drleqf)
    __aeabi_drsub                            0x0800733d   Thumb Code     0  daddsub_clz.o(x$fpl$drsb)
    _drsb                                    0x0800733d   Thumb Code    22  daddsub_clz.o(x$fpl$drsb)
    _dsqrt                                   0x08007355   Thumb Code   456  dsqrt_noumaal.o(x$fpl$dsqrt)
    __aeabi_dsub                             0x08007521   Thumb Code     0  daddsub_clz.o(x$fpl$dsub)
    _dsub                                    0x08007521   Thumb Code   464  daddsub_clz.o(x$fpl$dsub)
    __aeabi_fadd                             0x080076f5   Thumb Code     0  faddsub_clz.o(x$fpl$fadd)
    _fadd                                    0x080076f5   Thumb Code   196  faddsub_clz.o(x$fpl$fadd)
    __aeabi_fdiv                             0x080077b9   Thumb Code     0  fdiv.o(x$fpl$fdiv)
    _fdiv                                    0x080077b9   Thumb Code   384  fdiv.o(x$fpl$fdiv)
    __aeabi_f2uiz                            0x0800793d   Thumb Code     0  ffixu.o(x$fpl$ffixu)
    _ffixu                                   0x0800793d   Thumb Code    62  ffixu.o(x$fpl$ffixu)
    __aeabi_ui2f                             0x0800797d   Thumb Code     0  fflt_clz.o(x$fpl$ffltu)
    _ffltu                                   0x0800797d   Thumb Code    38  fflt_clz.o(x$fpl$ffltu)
    __aeabi_fmul                             0x080079a5   Thumb Code     0  fmul.o(x$fpl$fmul)
    _fmul                                    0x080079a5   Thumb Code   258  fmul.o(x$fpl$fmul)
    __fpl_fnaninf                            0x08007aa7   Thumb Code   140  fnaninf.o(x$fpl$fnaninf)
    __fpl_fretinf                            0x08007b33   Thumb Code    10  fretinf.o(x$fpl$fretinf)
    __aeabi_fsub                             0x08007b3d   Thumb Code     0  faddsub_clz.o(x$fpl$fsub)
    _fsub                                    0x08007b3d   Thumb Code   234  faddsub_clz.o(x$fpl$fsub)
    _printf_fp_dec                           0x08007c27   Thumb Code     4  printf1.o(x$fpl$printf1)
    _printf_fp_hex                           0x08007c2b   Thumb Code     4  printf2.o(x$fpl$printf2)
    __fpl_return_NaN                         0x08007c2f   Thumb Code   100  retnan.o(x$fpl$retnan)
    __ARM_scalbn                             0x08007c93   Thumb Code    92  scalbn.o(x$fpl$scalbn)
    __fpl_cmpreturn                          0x08007cef   Thumb Code    48  trapv.o(x$fpl$trapveneer)
    OLED_F8x16                               0x08007d1e   Data        1520  oled.o(.constdata)
    __I$use$fp                               0x08007d1e   Number         0  usenofp.o(x$fpl$usenofp)
    Hzk1                                     0x0800830e   Data         960  oled.o(.constdata)
    __mathlib_zero                           0x08008860   Data           8  qnan.o(.constdata)
    Region$$Table$$Base                      0x0800896c   Number         0  anon$$obj.o(Region$$Table)
    Region$$Table$$Limit                     0x0800898c   Number         0  anon$$obj.o(Region$$Table)
    __ctype                                  0x08008999   Data           0  lc_ctype_c.o(locale$$data)
    Time                                     0x20000014   Data           1  dht11.o(.data)
    esp8266_cnt                              0x20000016   Data           2  esp8266.o(.data)
    esp8266_cntPre                           0x20000018   Data           2  esp8266.o(.data)
    temp                                     0x2000001c   Data           4  onenet.o(.data)
    humi                                     0x20000020   Data           4  onenet.o(.data)
    light                                    0x20000024   Data           2  onenet.o(.data)
    soil_humi                                0x20000026   Data           2  onenet.o(.data)
    motor_status                             0x20000028   Data           1  onenet.o(.data)
    spray_status                             0x20000029   Data           1  onenet.o(.data)
    pump_status                              0x2000002a   Data           1  onenet.o(.data)
    KeyNum                                   0x2000003c   Data           1  main.o(.data)
    flag                                     0x20000040   Data           4  main.o(.data)
    esp8266_buf                              0x20000044   Data         512  esp8266.o(.bss)
    __libspace_start                         0x20000244   Data          96  libspace.o(.bss)
    __temporary_stack_top$libspace           0x200002a4   Data           0  libspace.o(.bss)



==============================================================================

Memory Map of the image

  Image Entry point : 0x080000ed

  Load Region LR_IROM1 (Base: 0x08000000, Size: 0x00008afc, Max: 0x00010000, ABSOLUTE)

    Execution Region ER_IROM1 (Exec base: 0x08000000, Load base: 0x08000000, Size: 0x00008ab8, Max: 0x00010000, ABSOLUTE)

    Exec Addr    Load Addr    Size         Type   Attr      Idx    E Section Name        Object

    0x08000000   0x08000000   0x000000ec   Data   RO            3    RESET               startup_stm32f10x_md.o
    0x080000ec   0x080000ec   0x00000008   Code   RO         4823  * !!!main             c_w.l(__main.o)
    0x080000f4   0x080000f4   0x00000034   Code   RO         5269    !!!scatter          c_w.l(__scatter.o)
    0x08000128   0x08000128   0x0000001a   Code   RO         5271    !!handler_copy      c_w.l(__scatter_copy.o)
    0x08000142   0x08000142   0x00000002   PAD
    0x08000144   0x08000144   0x0000001c   Code   RO         5273    !!handler_zi        c_w.l(__scatter_zi.o)
    0x08000160   0x08000160   0x00000000   Code   RO         4792    .ARM.Collect$$_printf_percent$$00000000  c_w.l(_printf_percent.o)
    0x08000160   0x08000160   0x00000006   Code   RO         4957    .ARM.Collect$$_printf_percent$$00000001  c_w.l(_printf_n.o)
    0x08000166   0x08000166   0x00000006   Code   RO         4958    .ARM.Collect$$_printf_percent$$00000002  c_w.l(_printf_p.o)
    0x0800016c   0x0800016c   0x00000006   Code   RO         4790    .ARM.Collect$$_printf_percent$$00000003  c_w.l(_printf_f.o)
    0x08000172   0x08000172   0x00000006   Code   RO         4791    .ARM.Collect$$_printf_percent$$00000004  c_w.l(_printf_e.o)
    0x08000178   0x08000178   0x00000006   Code   RO         4962    .ARM.Collect$$_printf_percent$$00000005  c_w.l(_printf_g.o)
    0x0800017e   0x0800017e   0x00000006   Code   RO         4963    .ARM.Collect$$_printf_percent$$00000006  c_w.l(_printf_a.o)
    0x08000184   0x08000184   0x0000000a   Code   RO         4968    .ARM.Collect$$_printf_percent$$00000007  c_w.l(_printf_ll.o)
    0x0800018e   0x0800018e   0x00000006   Code   RO         4960    .ARM.Collect$$_printf_percent$$00000008  c_w.l(_printf_i.o)
    0x08000194   0x08000194   0x00000006   Code   RO         4789    .ARM.Collect$$_printf_percent$$00000009  c_w.l(_printf_d.o)
    0x0800019a   0x0800019a   0x00000006   Code   RO         4961    .ARM.Collect$$_printf_percent$$0000000A  c_w.l(_printf_u.o)
    0x080001a0   0x080001a0   0x00000006   Code   RO         4959    .ARM.Collect$$_printf_percent$$0000000B  c_w.l(_printf_o.o)
    0x080001a6   0x080001a6   0x00000006   Code   RO         4788    .ARM.Collect$$_printf_percent$$0000000C  c_w.l(_printf_x.o)
    0x080001ac   0x080001ac   0x00000006   Code   RO         4965    .ARM.Collect$$_printf_percent$$0000000D  c_w.l(_printf_lli.o)
    0x080001b2   0x080001b2   0x00000006   Code   RO         4966    .ARM.Collect$$_printf_percent$$0000000E  c_w.l(_printf_lld.o)
    0x080001b8   0x080001b8   0x00000006   Code   RO         4967    .ARM.Collect$$_printf_percent$$0000000F  c_w.l(_printf_llu.o)
    0x080001be   0x080001be   0x00000006   Code   RO         4972    .ARM.Collect$$_printf_percent$$00000010  c_w.l(_printf_llo.o)
    0x080001c4   0x080001c4   0x00000006   Code   RO         4973    .ARM.Collect$$_printf_percent$$00000011  c_w.l(_printf_llx.o)
    0x080001ca   0x080001ca   0x0000000a   Code   RO         4969    .ARM.Collect$$_printf_percent$$00000012  c_w.l(_printf_l.o)
    0x080001d4   0x080001d4   0x00000006   Code   RO         4956    .ARM.Collect$$_printf_percent$$00000013  c_w.l(_printf_c.o)
    0x080001da   0x080001da   0x00000006   Code   RO         4787    .ARM.Collect$$_printf_percent$$00000014  c_w.l(_printf_s.o)
    0x080001e0   0x080001e0   0x00000006   Code   RO         4970    .ARM.Collect$$_printf_percent$$00000015  c_w.l(_printf_lc.o)
    0x080001e6   0x080001e6   0x00000006   Code   RO         4971    .ARM.Collect$$_printf_percent$$00000016  c_w.l(_printf_ls.o)
    0x080001ec   0x080001ec   0x00000004   Code   RO         4964    .ARM.Collect$$_printf_percent$$00000017  c_w.l(_printf_percent_end.o)
    0x080001f0   0x080001f0   0x00000002   Code   RO         5202    .ARM.Collect$$libinit$$00000000  c_w.l(libinit.o)
    0x080001f2   0x080001f2   0x00000000   Code   RO         4983    .ARM.Collect$$libinit$$00000002  c_w.l(libinit2.o)
    0x080001f2   0x080001f2   0x00000000   Code   RO         4985    .ARM.Collect$$libinit$$00000004  c_w.l(libinit2.o)
    0x080001f2   0x080001f2   0x00000008   Code   RO         4986    .ARM.Collect$$libinit$$00000005  c_w.l(libinit2.o)
    0x080001fa   0x080001fa   0x00000000   Code   RO         4988    .ARM.Collect$$libinit$$0000000A  c_w.l(libinit2.o)
    0x080001fa   0x080001fa   0x00000000   Code   RO         4990    .ARM.Collect$$libinit$$0000000C  c_w.l(libinit2.o)
    0x080001fa   0x080001fa   0x00000000   Code   RO         4992    .ARM.Collect$$libinit$$0000000E  c_w.l(libinit2.o)
    0x080001fa   0x080001fa   0x00000006   Code   RO         4993    .ARM.Collect$$libinit$$0000000F  c_w.l(libinit2.o)
    0x08000200   0x08000200   0x00000000   Code   RO         4995    .ARM.Collect$$libinit$$00000011  c_w.l(libinit2.o)
    0x08000200   0x08000200   0x0000000c   Code   RO         4996    .ARM.Collect$$libinit$$00000012  c_w.l(libinit2.o)
    0x0800020c   0x0800020c   0x00000000   Code   RO         4997    .ARM.Collect$$libinit$$00000013  c_w.l(libinit2.o)
    0x0800020c   0x0800020c   0x00000000   Code   RO         4999    .ARM.Collect$$libinit$$00000015  c_w.l(libinit2.o)
    0x0800020c   0x0800020c   0x0000000a   Code   RO         5000    .ARM.Collect$$libinit$$00000016  c_w.l(libinit2.o)
    0x08000216   0x08000216   0x00000000   Code   RO         5001    .ARM.Collect$$libinit$$00000017  c_w.l(libinit2.o)
    0x08000216   0x08000216   0x00000000   Code   RO         5003    .ARM.Collect$$libinit$$00000019  c_w.l(libinit2.o)
    0x08000216   0x08000216   0x00000000   Code   RO         5005    .ARM.Collect$$libinit$$0000001B  c_w.l(libinit2.o)
    0x08000216   0x08000216   0x00000000   Code   RO         5007    .ARM.Collect$$libinit$$0000001D  c_w.l(libinit2.o)
    0x08000216   0x08000216   0x00000000   Code   RO         5009    .ARM.Collect$$libinit$$0000001F  c_w.l(libinit2.o)
    0x08000216   0x08000216   0x00000000   Code   RO         5011    .ARM.Collect$$libinit$$00000021  c_w.l(libinit2.o)
    0x08000216   0x08000216   0x00000000   Code   RO         5013    .ARM.Collect$$libinit$$00000023  c_w.l(libinit2.o)
    0x08000216   0x08000216   0x00000000   Code   RO         5015    .ARM.Collect$$libinit$$00000025  c_w.l(libinit2.o)
    0x08000216   0x08000216   0x00000000   Code   RO         5019    .ARM.Collect$$libinit$$0000002C  c_w.l(libinit2.o)
    0x08000216   0x08000216   0x00000000   Code   RO         5021    .ARM.Collect$$libinit$$0000002E  c_w.l(libinit2.o)
    0x08000216   0x08000216   0x00000000   Code   RO         5023    .ARM.Collect$$libinit$$00000030  c_w.l(libinit2.o)
    0x08000216   0x08000216   0x00000000   Code   RO         5025    .ARM.Collect$$libinit$$00000032  c_w.l(libinit2.o)
    0x08000216   0x08000216   0x00000002   Code   RO         5026    .ARM.Collect$$libinit$$00000033  c_w.l(libinit2.o)
    0x08000218   0x08000218   0x00000002   Code   RO         5266    .ARM.Collect$$libshutdown$$00000000  c_w.l(libshutdown.o)
    0x0800021a   0x0800021a   0x00000000   Code   RO         5218    .ARM.Collect$$libshutdown$$00000002  c_w.l(libshutdown2.o)
    0x0800021a   0x0800021a   0x00000000   Code   RO         5220    .ARM.Collect$$libshutdown$$00000004  c_w.l(libshutdown2.o)
    0x0800021a   0x0800021a   0x00000000   Code   RO         5222    .ARM.Collect$$libshutdown$$00000006  c_w.l(libshutdown2.o)
    0x0800021a   0x0800021a   0x00000000   Code   RO         5225    .ARM.Collect$$libshutdown$$00000009  c_w.l(libshutdown2.o)
    0x0800021a   0x0800021a   0x00000000   Code   RO         5228    .ARM.Collect$$libshutdown$$0000000C  c_w.l(libshutdown2.o)
    0x0800021a   0x0800021a   0x00000000   Code   RO         5230    .ARM.Collect$$libshutdown$$0000000E  c_w.l(libshutdown2.o)
    0x0800021a   0x0800021a   0x00000000   Code   RO         5233    .ARM.Collect$$libshutdown$$00000011  c_w.l(libshutdown2.o)
    0x0800021a   0x0800021a   0x00000002   Code   RO         5234    .ARM.Collect$$libshutdown$$00000012  c_w.l(libshutdown2.o)
    0x0800021c   0x0800021c   0x00000000   Code   RO         4899    .ARM.Collect$$rtentry$$00000000  c_w.l(__rtentry.o)
    0x0800021c   0x0800021c   0x00000000   Code   RO         5079    .ARM.Collect$$rtentry$$00000002  c_w.l(__rtentry2.o)
    0x0800021c   0x0800021c   0x00000006   Code   RO         5091    .ARM.Collect$$rtentry$$00000004  c_w.l(__rtentry4.o)
    0x08000222   0x08000222   0x00000000   Code   RO         5081    .ARM.Collect$$rtentry$$00000009  c_w.l(__rtentry2.o)
    0x08000222   0x08000222   0x00000004   Code   RO         5082    .ARM.Collect$$rtentry$$0000000A  c_w.l(__rtentry2.o)
    0x08000226   0x08000226   0x00000000   Code   RO         5084    .ARM.Collect$$rtentry$$0000000C  c_w.l(__rtentry2.o)
    0x08000226   0x08000226   0x00000008   Code   RO         5085    .ARM.Collect$$rtentry$$0000000D  c_w.l(__rtentry2.o)
    0x0800022e   0x0800022e   0x00000002   Code   RO         5207    .ARM.Collect$$rtexit$$00000000  c_w.l(rtexit.o)
    0x08000230   0x08000230   0x00000000   Code   RO         5240    .ARM.Collect$$rtexit$$00000002  c_w.l(rtexit2.o)
    0x08000230   0x08000230   0x00000004   Code   RO         5241    .ARM.Collect$$rtexit$$00000003  c_w.l(rtexit2.o)
    0x08000234   0x08000234   0x00000006   Code   RO         5242    .ARM.Collect$$rtexit$$00000004  c_w.l(rtexit2.o)
    0x0800023a   0x0800023a   0x00000002   PAD
    0x0800023c   0x0800023c   0x00000000   Code   RO         5105    .emb_text           c_w.l(maybetermalloc1.o)
    0x0800023c   0x0800023c   0x00000040   Code   RO            4    .text               startup_stm32f10x_md.o
    0x0800027c   0x0800027c   0x0000005e   Code   RO         4668    .text               c_w.l(h1_alloc.o)
    0x080002da   0x080002da   0x0000004e   Code   RO         4670    .text               c_w.l(h1_free.o)
    0x08000328   0x08000328   0x0000001a   Code   RO         4726    .text               c_w.l(tolower.o)
    0x08000342   0x08000342   0x00000002   PAD
    0x08000344   0x08000344   0x00000034   Code   RO         4728    .text               c_w.l(vsnprintf.o)
    0x08000378   0x08000378   0x0000002c   Code   RO         4730    .text               c_w.l(__2sprintf.o)
    0x080003a4   0x080003a4   0x00000038   Code   RO         4732    .text               c_w.l(__2snprintf.o)
    0x080003dc   0x080003dc   0x0000004e   Code   RO         4740    .text               c_w.l(_printf_pad.o)
    0x0800042a   0x0800042a   0x00000052   Code   RO         4742    .text               c_w.l(_printf_str.o)
    0x0800047c   0x0800047c   0x00000078   Code   RO         4744    .text               c_w.l(_printf_dec.o)
    0x080004f4   0x080004f4   0x00000094   Code   RO         4764    .text               c_w.l(_printf_hex_int_ll_ptr.o)
    0x08000588   0x08000588   0x00000188   Code   RO         4784    .text               c_w.l(__printf_flags_ss_wp.o)
    0x08000710   0x08000710   0x00000014   Code   RO         4799    .text               c_w.l(strchr.o)
    0x08000724   0x08000724   0x00000024   Code   RO         4801    .text               c_w.l(strncat.o)
    0x08000748   0x08000748   0x00000024   Code   RO         4803    .text               c_w.l(strstr.o)
    0x0800076c   0x0800076c   0x00000048   Code   RO         4805    .text               c_w.l(strcpy.o)
    0x080007b4   0x080007b4   0x0000003e   Code   RO         4807    .text               c_w.l(strlen.o)
    0x080007f2   0x080007f2   0x00000096   Code   RO         4809    .text               c_w.l(strncmp.o)
    0x08000888   0x08000888   0x00000018   Code   RO         4811    .text               c_w.l(strcat.o)
    0x080008a0   0x080008a0   0x0000008a   Code   RO         4813    .text               c_w.l(rt_memcpy_v6.o)
    0x0800092a   0x0800092a   0x00000064   Code   RO         4815    .text               c_w.l(rt_memcpy_w.o)
    0x0800098e   0x0800098e   0x00000044   Code   RO         4817    .text               c_w.l(rt_memclr.o)
    0x080009d2   0x080009d2   0x0000004e   Code   RO         4819    .text               c_w.l(rt_memclr_w.o)
    0x08000a20   0x08000a20   0x00000006   Code   RO         4821    .text               c_w.l(heapauxi.o)
    0x08000a26   0x08000a26   0x00000002   PAD
    0x08000a28   0x08000a28   0x00000010   Code   RO         4900    .text               c_w.l(rt_ctype_table.o)
    0x08000a38   0x08000a38   0x00000008   Code   RO         4905    .text               c_w.l(rt_heap_descriptor_intlibspace.o)
    0x08000a40   0x08000a40   0x00000004   Code   RO         4907    .text               c_w.l(hguard.o)
    0x08000a44   0x08000a44   0x0000008a   Code   RO         4909    .text               c_w.l(init_alloc.o)
    0x08000ace   0x08000ace   0x0000000e   Code   RO         4913    .text               c_w.l(h1_init.o)
    0x08000adc   0x08000adc   0x00000016   Code   RO         4927    .text               c_w.l(_rserrno.o)
    0x08000af2   0x08000af2   0x00000024   Code   RO         4929    .text               c_w.l(_printf_truncate.o)
    0x08000b16   0x08000b16   0x000000b2   Code   RO         4931    .text               c_w.l(_printf_intcommon.o)
    0x08000bc8   0x08000bc8   0x00000028   Code   RO         4933    .text               c_w.l(_printf_charcount.o)
    0x08000bf0   0x08000bf0   0x0000041e   Code   RO         4935    .text               c_w.l(_printf_fp_dec.o)
    0x0800100e   0x0800100e   0x00000002   PAD
    0x08001010   0x08001010   0x00000030   Code   RO         4937    .text               c_w.l(_printf_char_common.o)
    0x08001040   0x08001040   0x0000000a   Code   RO         4939    .text               c_w.l(_sputc.o)
    0x0800104a   0x0800104a   0x00000010   Code   RO         4941    .text               c_w.l(_snputc.o)
    0x0800105a   0x0800105a   0x0000002c   Code   RO         4943    .text               c_w.l(_printf_char.o)
    0x08001086   0x08001086   0x00000002   PAD
    0x08001088   0x08001088   0x000000bc   Code   RO         4945    .text               c_w.l(_printf_wctomb.o)
    0x08001144   0x08001144   0x0000007c   Code   RO         4948    .text               c_w.l(_printf_longlong_dec.o)
    0x080011c0   0x080011c0   0x00000070   Code   RO         4954    .text               c_w.l(_printf_oct_int_ll.o)
    0x08001230   0x08001230   0x00000008   Code   RO         5075    .text               c_w.l(libspace.o)
    0x08001238   0x08001238   0x00000008   Code   RO         5096    .text               c_w.l(rt_locale_intlibspace.o)
    0x08001240   0x08001240   0x00000008   Code   RO         5101    .text               c_w.l(rt_errno_addr_intlibspace.o)
    0x08001248   0x08001248   0x00000034   Code   RO         5107    .text               c_w.l(h1_extend.o)
    0x0800127c   0x0800127c   0x0000008a   Code   RO         5111    .text               c_w.l(lludiv10.o)
    0x08001306   0x08001306   0x00000002   PAD
    0x08001308   0x08001308   0x000002fc   Code   RO         5115    .text               c_w.l(_printf_fp_hex.o)
    0x08001604   0x08001604   0x00000080   Code   RO         5118    .text               c_w.l(_printf_fp_infnan.o)
    0x08001684   0x08001684   0x0000002c   Code   RO         5122    .text               c_w.l(_printf_wchar.o)
    0x080016b0   0x080016b0   0x000000e4   Code   RO         5126    .text               c_w.l(bigflt0.o)
    0x08001794   0x08001794   0x00000040   Code   RO         5151    .text               c_w.l(_wcrtomb.o)
    0x080017d4   0x080017d4   0x0000000e   Code   RO         5159    .text               c_w.l(defsig_rtmem_outer.o)
    0x080017e2   0x080017e2   0x00000002   Code   RO         5176    .text               c_w.l(use_no_semi.o)
    0x080017e4   0x080017e4   0x00000000   Code   RO         5178    .text               c_w.l(indicate_semi.o)
    0x080017e4   0x080017e4   0x0000004a   Code   RO         5179    .text               c_w.l(sys_stackheap_outer.o)
    0x0800182e   0x0800182e   0x00000012   Code   RO         5185    .text               c_w.l(exit.o)
    0x08001840   0x08001840   0x0000000a   Code   RO         5187    .text               c_w.l(defsig_exit.o)
    0x0800184a   0x0800184a   0x00000002   PAD
    0x0800184c   0x0800184c   0x00000050   Code   RO         5189    .text               c_w.l(defsig_rtmem_inner.o)
    0x0800189c   0x0800189c   0x00000080   Code   RO         5191    .text               c_w.l(strcmpv7m.o)
    0x0800191c   0x0800191c   0x0000000c   Code   RO         5205    .text               c_w.l(sys_exit.o)
    0x08001928   0x08001928   0x00000032   Code   RO         5215    .text               c_w.l(defsig_general.o)
    0x0800195a   0x0800195a   0x0000000e   Code   RO         5237    .text               c_w.l(sys_wrch.o)
    0x08001968   0x08001968   0x0000003e   Code   RO         5129    CL$$btod_d2e        c_w.l(btod.o)
    0x080019a6   0x080019a6   0x00000046   Code   RO         5131    CL$$btod_d2e_denorm_low  c_w.l(btod.o)
    0x080019ec   0x080019ec   0x00000060   Code   RO         5130    CL$$btod_d2e_norm_op1  c_w.l(btod.o)
    0x08001a4c   0x08001a4c   0x00000338   Code   RO         5139    CL$$btod_div_common  c_w.l(btod.o)
    0x08001d84   0x08001d84   0x000000dc   Code   RO         5136    CL$$btod_e2e        c_w.l(btod.o)
    0x08001e60   0x08001e60   0x0000002a   Code   RO         5133    CL$$btod_ediv       c_w.l(btod.o)
    0x08001e8a   0x08001e8a   0x0000002a   Code   RO         5132    CL$$btod_emul       c_w.l(btod.o)
    0x08001eb4   0x08001eb4   0x00000244   Code   RO         5138    CL$$btod_mult_common  c_w.l(btod.o)
    0x080020f8   0x080020f8   0x00000016   Code   RO          202    i.ADC_Cmd           stm32f10x_adc.o
    0x0800210e   0x0800210e   0x00000002   PAD
    0x08002110   0x08002110   0x0000005c   Code   RO          204    i.ADC_DeInit        stm32f10x_adc.o
    0x0800216c   0x0800216c   0x00000014   Code   RO          210    i.ADC_GetCalibrationStatus  stm32f10x_adc.o
    0x08002180   0x08002180   0x00000008   Code   RO          211    i.ADC_GetConversionValue  stm32f10x_adc.o
    0x08002188   0x08002188   0x00000012   Code   RO          213    i.ADC_GetFlagStatus  stm32f10x_adc.o
    0x0800219a   0x0800219a   0x00000014   Code   RO          216    i.ADC_GetResetCalibrationStatus  stm32f10x_adc.o
    0x080021ae   0x080021ae   0x00000002   PAD
    0x080021b0   0x080021b0   0x00000050   Code   RO          220    i.ADC_Init          stm32f10x_adc.o
    0x08002200   0x08002200   0x000000b8   Code   RO          224    i.ADC_RegularChannelConfig  stm32f10x_adc.o
    0x080022b8   0x080022b8   0x0000000a   Code   RO          225    i.ADC_ResetCalibration  stm32f10x_adc.o
    0x080022c2   0x080022c2   0x00000016   Code   RO          227    i.ADC_SoftwareStartConvCmd  stm32f10x_adc.o
    0x080022d8   0x080022d8   0x0000000a   Code   RO          229    i.ADC_StartCalibration  stm32f10x_adc.o
    0x080022e2   0x080022e2   0x00000002   PAD
    0x080022e4   0x080022e4   0x0000009c   Code   RO         3562    i.Adc_Init          adc.o
    0x08002380   0x08002380   0x0000016c   Code   RO         3724    i.BASE64_Decode     base64.o
    0x080024ec   0x080024ec   0x00000144   Code   RO         3725    i.BASE64_Encode     base64.o
    0x08002630   0x08002630   0x0000001a   Code   RO         3466    i.BH1750_Init       bh1750.o
    0x0800264a   0x0800264a   0x00000034   Code   RO         3467    i.BH1750_ReadLightIntensity  bh1750.o
    0x0800267e   0x0800267e   0x00000022   Code   RO         3468    i.BH1750_WriteCmd   bh1750.o
    0x080026a0   0x080026a0   0x00000004   Code   RO         4599    i.BusFault_Handler  stm32f10x_it.o
    0x080026a4   0x080026a4   0x0000000c   Code   RO         3415    i.DHT11_Init        dht11.o
    0x080026b0   0x080026b0   0x00000038   Code   RO         3416    i.DHT11_Mode        dht11.o
    0x080026e8   0x080026e8   0x00000098   Code   RO         3417    i.DHT11_Read_Byte   dht11.o
    0x08002780   0x08002780   0x0000006e   Code   RO         3418    i.DHT11_Read_Data   dht11.o
    0x080027ee   0x080027ee   0x00000002   PAD
    0x080027f0   0x080027f0   0x0000006c   Code   RO         3419    i.DHT11_Sends_Response  dht11.o
    0x0800285c   0x0800285c   0x00000030   Code   RO         3420    i.DHT11_Sends_Start  dht11.o
    0x0800288c   0x0800288c   0x00000002   Code   RO         4600    i.DebugMon_Handler  stm32f10x_it.o
    0x0800288e   0x0800288e   0x00000018   Code   RO         3196    i.Delay_ms          delay.o
    0x080028a6   0x080028a6   0x0000002e   Code   RO         3198    i.Delay_us          delay.o
    0x080028d4   0x080028d4   0x0000001c   Code   RO         3665    i.ESP8266_Clear     esp8266.o
    0x080028f0   0x080028f0   0x00000050   Code   RO         3666    i.ESP8266_GetIPD    esp8266.o
    0x08002940   0x08002940   0x00000138   Code   RO         3667    i.ESP8266_Init      esp8266.o
    0x08002a78   0x08002a78   0x00000054   Code   RO         3668    i.ESP8266_SendCmd   esp8266.o
    0x08002acc   0x08002acc   0x00000048   Code   RO         3669    i.ESP8266_SendData  esp8266.o
    0x08002b14   0x08002b14   0x00000034   Code   RO         3670    i.ESP8266_WaitRecive  esp8266.o
    0x08002b48   0x08002b48   0x00000038   Code   RO         4501    i.GPIO_Configuration  spray.o
    0x08002b80   0x08002b80   0x00000116   Code   RO         1347    i.GPIO_Init         stm32f10x_gpio.o
    0x08002c96   0x08002c96   0x00000012   Code   RO         1351    i.GPIO_ReadInputDataBit  stm32f10x_gpio.o
    0x08002ca8   0x08002ca8   0x00000004   Code   RO         1354    i.GPIO_ResetBits    stm32f10x_gpio.o
    0x08002cac   0x08002cac   0x00000004   Code   RO         1355    i.GPIO_SetBits      stm32f10x_gpio.o
    0x08002cb0   0x08002cb0   0x0000000a   Code   RO         1358    i.GPIO_WriteBit     stm32f10x_gpio.o
    0x08002cba   0x08002cba   0x00000002   PAD
    0x08002cbc   0x08002cbc   0x00000034   Code   RO         3563    i.Get_Adc           adc.o
    0x08002cf0   0x08002cf0   0x00000032   Code   RO         3564    i.Get_Adc_Average   adc.o
    0x08002d22   0x08002d22   0x00000002   PAD
    0x08002d24   0x08002d24   0x00000040   Code   RO         3586    i.Get_soilhumi      soil_humi.o
    0x08002d64   0x08002d64   0x00000004   Code   RO         4601    i.HardFault_Handler  stm32f10x_it.o
    0x08002d68   0x08002d68   0x0000001c   Code   RO         3910    i.MQTT_DeleteBuffer  mqttkit.o
    0x08002d84   0x08002d84   0x0000002e   Code   RO         3911    i.MQTT_DumpLength   mqttkit.o
    0x08002db2   0x08002db2   0x00000058   Code   RO         3912    i.MQTT_NewBuffer    mqttkit.o
    0x08002e0a   0x08002e0a   0x00000002   PAD
    0x08002e0c   0x08002e0c   0x000002a0   Code   RO         3914    i.MQTT_PacketConnect  mqttkit.o
    0x080030ac   0x080030ac   0x000001b8   Code   RO         3917    i.MQTT_PacketPublish  mqttkit.o
    0x08003264   0x08003264   0x00000064   Code   RO         3923    i.MQTT_PacketSaveData  mqttkit.o
    0x080032c8   0x080032c8   0x000000fe   Code   RO         3924    i.MQTT_PacketSubscribe  mqttkit.o
    0x080033c6   0x080033c6   0x00000046   Code   RO         3926    i.MQTT_ReadLength   mqttkit.o
    0x0800340c   0x0800340c   0x0000001e   Code   RO         3928    i.MQTT_UnPacketConnectAck  mqttkit.o
    0x0800342a   0x0800342a   0x00000002   PAD
    0x0800342c   0x0800342c   0x000001c0   Code   RO         3929    i.MQTT_UnPacketPublish  mqttkit.o
    0x080035ec   0x080035ec   0x0000001e   Code   RO         3930    i.MQTT_UnPacketPublishAck  mqttkit.o
    0x0800360a   0x0800360a   0x00000002   PAD
    0x0800360c   0x0800360c   0x00000074   Code   RO         3934    i.MQTT_UnPacketRecv  mqttkit.o
    0x08003680   0x08003680   0x00000034   Code   RO         3935    i.MQTT_UnPacketSubscribe  mqttkit.o
    0x080036b4   0x080036b4   0x00000004   Code   RO         4602    i.MemManage_Handler  stm32f10x_it.o
    0x080036b8   0x080036b8   0x00000030   Code   RO         4433    i.Motor_Init        motor.o
    0x080036e8   0x080036e8   0x00000054   Code   RO         4434    i.Motor_SetSpeed    motor.o
    0x0800373c   0x0800373c   0x00000034   Code   RO         3496    i.MyI2C_Init        myi2c.o
    0x08003770   0x08003770   0x0000001c   Code   RO         3497    i.MyI2C_R_SDA       myi2c.o
    0x0800378c   0x0800378c   0x0000001e   Code   RO         3498    i.MyI2C_ReceiveAck  myi2c.o
    0x080037aa   0x080037aa   0x00000034   Code   RO         3499    i.MyI2C_ReceiveByte  myi2c.o
    0x080037de   0x080037de   0x00000018   Code   RO         3500    i.MyI2C_SendAck     myi2c.o
    0x080037f6   0x080037f6   0x0000002a   Code   RO         3501    i.MyI2C_SendByte    myi2c.o
    0x08003820   0x08003820   0x0000001c   Code   RO         3502    i.MyI2C_Start       myi2c.o
    0x0800383c   0x0800383c   0x00000016   Code   RO         3503    i.MyI2C_Stop        myi2c.o
    0x08003852   0x08003852   0x00000002   PAD
    0x08003854   0x08003854   0x0000001c   Code   RO         3504    i.MyI2C_W_SCL       myi2c.o
    0x08003870   0x08003870   0x0000001c   Code   RO         3505    i.MyI2C_W_SDA       myi2c.o
    0x0800388c   0x0800388c   0x00000002   Code   RO         4603    i.NMI_Handler       stm32f10x_it.o
    0x0800388e   0x0800388e   0x00000002   PAD
    0x08003890   0x08003890   0x00000070   Code   RO          137    i.NVIC_Init         misc.o
    0x08003900   0x08003900   0x00000014   Code   RO          138    i.NVIC_PriorityGroupConfig  misc.o
    0x08003914   0x08003914   0x0000002a   Code   RO         3301    i.OLED_Clear        oled.o
    0x0800393e   0x0800393e   0x00000002   PAD
    0x08003940   0x08003940   0x00000050   Code   RO         3302    i.OLED_I2C_Init     oled.o
    0x08003990   0x08003990   0x00000054   Code   RO         3303    i.OLED_I2C_SendByte  oled.o
    0x080039e4   0x080039e4   0x00000034   Code   RO         3304    i.OLED_I2C_Start    oled.o
    0x08003a18   0x08003a18   0x00000028   Code   RO         3305    i.OLED_I2C_Stop     oled.o
    0x08003a40   0x08003a40   0x000000ae   Code   RO         3306    i.OLED_Init         oled.o
    0x08003aee   0x08003aee   0x00000014   Code   RO         3307    i.OLED_Pow          oled.o
    0x08003b02   0x08003b02   0x00000022   Code   RO         3308    i.OLED_SetCursor    oled.o
    0x08003b24   0x08003b24   0x00000074   Code   RO         3310    i.OLED_ShowChar     oled.o
    0x08003b98   0x08003b98   0x0000006c   Code   RO         3311    i.OLED_ShowChinese  oled.o
    0x08003c04   0x08003c04   0x00000044   Code   RO         3313    i.OLED_ShowNum      oled.o
    0x08003c48   0x08003c48   0x00000028   Code   RO         3315    i.OLED_ShowString   oled.o
    0x08003c70   0x08003c70   0x00000020   Code   RO         3316    i.OLED_WriteCommand  oled.o
    0x08003c90   0x08003c90   0x00000020   Code   RO         3317    i.OLED_WriteData    oled.o
    0x08003cb0   0x08003cb0   0x00000118   Code   RO         3809    i.OTA_UrlEncode     onenet.o
    0x08003dc8   0x08003dc8   0x0000019c   Code   RO         3810    i.OneNET_Authorization  onenet.o
    0x08003f64   0x08003f64   0x00000078   Code   RO         3813    i.OneNET_Subscribe  onenet.o
    0x08003fdc   0x08003fdc   0x00000260   Code   RO         3814    i.OneNet_DevLink    onenet.o
    0x0800423c   0x0800423c   0x000001f8   Code   RO         3815    i.OneNet_FillBuf    onenet.o
    0x08004434   0x08004434   0x000001b0   Code   RO         3816    i.OneNet_RevPro     onenet.o
    0x080045e4   0x080045e4   0x00000074   Code   RO         3817    i.OneNet_SendData   onenet.o
    0x08004658   0x08004658   0x00000094   Code   RO         4455    i.PWM_Init          pwm.o
    0x080046ec   0x080046ec   0x00000010   Code   RO         4456    i.PWM_SetCompare3   pwm.o
    0x080046fc   0x080046fc   0x00000002   Code   RO         4604    i.PendSV_Handler    stm32f10x_it.o
    0x080046fe   0x080046fe   0x00000002   PAD
    0x08004700   0x08004700   0x00000018   Code   RO         1773    i.RCC_ADCCLKConfig  stm32f10x_rcc.o
    0x08004718   0x08004718   0x00000020   Code   RO         1775    i.RCC_APB1PeriphClockCmd  stm32f10x_rcc.o
    0x08004738   0x08004738   0x00000020   Code   RO         1777    i.RCC_APB2PeriphClockCmd  stm32f10x_rcc.o
    0x08004758   0x08004758   0x00000020   Code   RO         1778    i.RCC_APB2PeriphResetCmd  stm32f10x_rcc.o
    0x08004778   0x08004778   0x000000d4   Code   RO         1785    i.RCC_GetClocksFreq  stm32f10x_rcc.o
    0x0800484c   0x0800484c   0x00000034   Code   RO         4473    i.Relay_Init        relay.o
    0x08004880   0x08004880   0x0000001c   Code   RO         4474    i.Relay_OFF         relay.o
    0x0800489c   0x0800489c   0x0000001c   Code   RO         4475    i.Relay_ON          relay.o
    0x080048b8   0x080048b8   0x00000002   Code   RO         4605    i.SVC_Handler       stm32f10x_it.o
    0x080048ba   0x080048ba   0x00000008   Code   RO           24    i.SetSysClock       system_stm32f10x.o
    0x080048c2   0x080048c2   0x00000002   PAD
    0x080048c4   0x080048c4   0x000000e0   Code   RO           25    i.SetSysClockTo72   system_stm32f10x.o
    0x080049a4   0x080049a4   0x00000002   Code   RO         4606    i.SysTick_Handler   stm32f10x_it.o
    0x080049a6   0x080049a6   0x00000002   PAD
    0x080049a8   0x080049a8   0x00000060   Code   RO           27    i.SystemInit        system_stm32f10x.o
    0x08004a08   0x08004a08   0x00000028   Code   RO         4532    i.TIM3_IRQHandler   main.o
    0x08004a30   0x08004a30   0x00000006   Code   RO         2415    i.TIM_ClearFlag     stm32f10x_tim.o
    0x08004a36   0x08004a36   0x00000006   Code   RO         2416    i.TIM_ClearITPendingBit  stm32f10x_tim.o
    0x08004a3c   0x08004a3c   0x00000018   Code   RO         2421    i.TIM_Cmd           stm32f10x_tim.o
    0x08004a54   0x08004a54   0x00000022   Code   RO         2442    i.TIM_GetITStatus   stm32f10x_tim.o
    0x08004a76   0x08004a76   0x00000012   Code   RO         2446    i.TIM_ITConfig      stm32f10x_tim.o
    0x08004a88   0x08004a88   0x0000000c   Code   RO         2448    i.TIM_InternalClockConfig  stm32f10x_tim.o
    0x08004a94   0x08004a94   0x000000a0   Code   RO         2460    i.TIM_OC3Init       stm32f10x_tim.o
    0x08004b34   0x08004b34   0x00000014   Code   RO         2468    i.TIM_OCStructInit  stm32f10x_tim.o
    0x08004b48   0x08004b48   0x00000004   Code   RO         2484    i.TIM_SetCompare3   stm32f10x_tim.o
    0x08004b4c   0x08004b4c   0x000000a4   Code   RO         2492    i.TIM_TimeBaseInit  stm32f10x_tim.o
    0x08004bf0   0x08004bf0   0x0000007c   Code   RO         4533    i.Timer3_Init       main.o
    0x08004c6c   0x08004c6c   0x0000004c   Code   RO         3671    i.USART1_IRQHandler  esp8266.o
    0x08004cb8   0x08004cb8   0x0000001c   Code   RO         3616    i.USART2_IRQHandler  usart.o
    0x08004cd4   0x08004cd4   0x00000012   Code   RO         2956    i.USART_ClearFlag   stm32f10x_usart.o
    0x08004ce6   0x08004ce6   0x00000018   Code   RO         2960    i.USART_Cmd         stm32f10x_usart.o
    0x08004cfe   0x08004cfe   0x0000001a   Code   RO         2963    i.USART_GetFlagStatus  stm32f10x_usart.o
    0x08004d18   0x08004d18   0x00000054   Code   RO         2964    i.USART_GetITStatus  stm32f10x_usart.o
    0x08004d6c   0x08004d6c   0x0000004a   Code   RO         2966    i.USART_ITConfig    stm32f10x_usart.o
    0x08004db6   0x08004db6   0x00000002   PAD
    0x08004db8   0x08004db8   0x000000d8   Code   RO         2967    i.USART_Init        stm32f10x_usart.o
    0x08004e90   0x08004e90   0x00000008   Code   RO         2977    i.USART_SendData    stm32f10x_usart.o
    0x08004e98   0x08004e98   0x00000004   Code   RO         4607    i.UsageFault_Handler  stm32f10x_it.o
    0x08004e9c   0x08004e9c   0x000000b0   Code   RO         3617    i.Usart1_Init       usart.o
    0x08004f4c   0x08004f4c   0x00000048   Code   RO         3619    i.UsartPrintf       usart.o
    0x08004f94   0x08004f94   0x00000032   Code   RO         3620    i.Usart_SendString  usart.o
    0x08004fc6   0x08004fc6   0x00000028   Code   RO         5060    i.__ARM_fpclassify  m_ws.l(fpclassify.o)
    0x08004fee   0x08004fee   0x000000aa   Code   RO         5062    i.__kernel_poly     m_ws.l(poly.o)
    0x08005098   0x08005098   0x00000010   Code   RO         5046    i.__mathlib_dbl_divzero  m_ws.l(dunder.o)
    0x080050a8   0x080050a8   0x00000004   Code   RO         5048    i.__mathlib_dbl_infnan2  m_ws.l(dunder.o)
    0x080050ac   0x080050ac   0x0000000c   Code   RO         5049    i.__mathlib_dbl_invalid  m_ws.l(dunder.o)
    0x080050b8   0x080050b8   0x0000000e   Code   RO         5050    i.__mathlib_dbl_overflow  m_ws.l(dunder.o)
    0x080050c6   0x080050c6   0x00000002   PAD
    0x080050c8   0x080050c8   0x00000010   Code   RO         5052    i.__mathlib_dbl_underflow  m_ws.l(dunder.o)
    0x080050d8   0x080050d8   0x0000000e   Code   RO         4777    i._is_digit         c_w.l(__printf_wp.o)
    0x080050e6   0x080050e6   0x00000002   PAD
    0x080050e8   0x080050e8   0x00000058   Code   RO         4095    i.cJSON_Delete      cjson.o
    0x08005140   0x08005140   0x0000001e   Code   RO         4104    i.cJSON_GetObjectItem  cjson.o
    0x0800515e   0x0800515e   0x00000002   PAD
    0x08005160   0x08005160   0x00000020   Code   RO         4108    i.cJSON_New_Item    cjson.o
    0x08005180   0x08005180   0x00000010   Code   RO         4109    i.cJSON_Parse       cjson.o
    0x08005190   0x08005190   0x00000064   Code   RO         4110    i.cJSON_ParseWithOpts  cjson.o
    0x080051f4   0x080051f4   0x0000004c   Code   RO         4116    i.cJSON_strcasecmp  cjson.o
    0x08005240   0x08005240   0x000000f4   Code   RO         4534    i.display1          main.o
    0x08005334   0x08005334   0x0000004c   Code   RO         3754    i.ft                hmac_sha1.o
    0x08005380   0x08005380   0x0000012e   Code   RO         3755    i.hmac_sha1         hmac_sha1.o
    0x080054ae   0x080054ae   0x00000002   PAD
    0x080054b0   0x080054b0   0x00000034   Code   RO         3756    i.k                 hmac_sha1.o
    0x080054e4   0x080054e4   0x00000184   Code   RO         4535    i.main              main.o
    0x08005668   0x08005668   0x000000ac   Code   RO         4120    i.parse_array       cjson.o
    0x08005714   0x08005714   0x00000114   Code   RO         4121    i.parse_hex4        cjson.o
    0x08005828   0x08005828   0x000001bc   Code   RO         4122    i.parse_number      cjson.o
    0x080059e4   0x080059e4   0x00000114   Code   RO         4123    i.parse_object      cjson.o
    0x08005af8   0x08005af8   0x000001cc   Code   RO         4124    i.parse_string      cjson.o
    0x08005cc4   0x08005cc4   0x000000bc   Code   RO         4125    i.parse_value       cjson.o
    0x08005d80   0x08005d80   0x000009d8   Code   RO         4888    i.pow               m_ws.l(pow.o)
    0x08006758   0x08006758   0x0000002e   Code   RO         3757    i.rotl              hmac_sha1.o
    0x08006786   0x08006786   0x00000002   PAD
    0x08006788   0x08006788   0x00000284   Code   RO         3759    i.sha1              hmac_sha1.o
    0x08006a0c   0x08006a0c   0x00000012   Code   RO         4133    i.skip              cjson.o
    0x08006a1e   0x08006a1e   0x00000002   PAD
    0x08006a20   0x08006a20   0x00000028   Code   RO         3588    i.soil_humi_Init    soil_humi.o
    0x08006a48   0x08006a48   0x0000001c   Code   RO         4503    i.spray_OFF         spray.o
    0x08006a64   0x08006a64   0x0000001c   Code   RO         4504    i.spray_ON          spray.o
    0x08006a80   0x08006a80   0x0000004c   Code   RO         5066    i.sqrt              m_ws.l(sqrt.o)
    0x08006acc   0x08006acc   0x0000002c   Code   RO         5154    locale$$code        c_w.l(lc_ctype_c.o)
    0x08006af8   0x08006af8   0x0000002c   Code   RO         5157    locale$$code        c_w.l(lc_numeric_c.o)
    0x08006b24   0x08006b24   0x00000150   Code   RO         4825    x$fpl$dadd          fz_ws.l(daddsub_clz.o)
    0x08006c74   0x08006c74   0x00000010   Code   RO         5168    x$fpl$dcheck1       fz_ws.l(dcheck1.o)
    0x08006c84   0x08006c84   0x00000018   Code   RO         5027    x$fpl$dcmpinf       fz_ws.l(dcmpi.o)
    0x08006c9c   0x08006c9c   0x000002b0   Code   RO         4832    x$fpl$ddiv          fz_ws.l(ddiv.o)
    0x08006f4c   0x08006f4c   0x0000005e   Code   RO         4837    x$fpl$dfix          fz_ws.l(dfix.o)
    0x08006faa   0x08006faa   0x00000002   PAD
    0x08006fac   0x08006fac   0x0000005a   Code   RO         4841    x$fpl$dfixu         fz_ws.l(dfixu.o)
    0x08007006   0x08007006   0x0000002e   Code   RO         4846    x$fpl$dflt          fz_ws.l(dflt_clz.o)
    0x08007034   0x08007034   0x00000026   Code   RO         4845    x$fpl$dfltu         fz_ws.l(dflt_clz.o)
    0x0800705a   0x0800705a   0x00000002   PAD
    0x0800705c   0x0800705c   0x00000078   Code   RO         4851    x$fpl$dleqf         fz_ws.l(dleqf.o)
    0x080070d4   0x080070d4   0x00000154   Code   RO         4853    x$fpl$dmul          fz_ws.l(dmul.o)
    0x08007228   0x08007228   0x0000009c   Code   RO         5029    x$fpl$dnaninf       fz_ws.l(dnaninf.o)
    0x080072c4   0x080072c4   0x0000000c   Code   RO         5031    x$fpl$dretinf       fz_ws.l(dretinf.o)
    0x080072d0   0x080072d0   0x0000006c   Code   RO         4855    x$fpl$drleqf        fz_ws.l(drleqf.o)
    0x0800733c   0x0800733c   0x00000016   Code   RO         4826    x$fpl$drsb          fz_ws.l(daddsub_clz.o)
    0x08007352   0x08007352   0x00000002   PAD
    0x08007354   0x08007354   0x000001cc   Code   RO         5170    x$fpl$dsqrt         fz_ws.l(dsqrt_noumaal.o)
    0x08007520   0x08007520   0x000001d4   Code   RO         4827    x$fpl$dsub          fz_ws.l(daddsub_clz.o)
    0x080076f4   0x080076f4   0x000000c4   Code   RO         4859    x$fpl$fadd          fz_ws.l(faddsub_clz.o)
    0x080077b8   0x080077b8   0x00000184   Code   RO         4866    x$fpl$fdiv          fz_ws.l(fdiv.o)
    0x0800793c   0x0800793c   0x0000003e   Code   RO         4869    x$fpl$ffixu         fz_ws.l(ffixu.o)
    0x0800797a   0x0800797a   0x00000002   PAD
    0x0800797c   0x0800797c   0x00000026   Code   RO         4873    x$fpl$ffltu         fz_ws.l(fflt_clz.o)
    0x080079a2   0x080079a2   0x00000002   PAD
    0x080079a4   0x080079a4   0x00000102   Code   RO         4879    x$fpl$fmul          fz_ws.l(fmul.o)
    0x08007aa6   0x08007aa6   0x0000008c   Code   RO         5033    x$fpl$fnaninf       fz_ws.l(fnaninf.o)
    0x08007b32   0x08007b32   0x0000000a   Code   RO         5035    x$fpl$fretinf       fz_ws.l(fretinf.o)
    0x08007b3c   0x08007b3c   0x000000ea   Code   RO         4861    x$fpl$fsub          fz_ws.l(faddsub_clz.o)
    0x08007c26   0x08007c26   0x00000004   Code   RO         4881    x$fpl$printf1       fz_ws.l(printf1.o)
    0x08007c2a   0x08007c2a   0x00000004   Code   RO         5037    x$fpl$printf2       fz_ws.l(printf2.o)
    0x08007c2e   0x08007c2e   0x00000064   Code   RO         5203    x$fpl$retnan        fz_ws.l(retnan.o)
    0x08007c92   0x08007c92   0x0000005c   Code   RO         5043    x$fpl$scalbn        fz_ws.l(scalbn.o)
    0x08007cee   0x08007cee   0x00000030   Code   RO         5235    x$fpl$trapveneer    fz_ws.l(trapv.o)
    0x08007d1e   0x08007d1e   0x00000000   Code   RO         5045    x$fpl$usenofp       fz_ws.l(usenofp.o)
    0x08007d1e   0x08007d1e   0x000009b0   Data   RO         3318    .constdata          oled.o
    0x080086ce   0x080086ce   0x000000c0   Data   RO         3726    .constdata          base64.o
    0x0800878e   0x0800878e   0x00000007   Data   RO         4136    .constdata          cjson.o
    0x08008795   0x08008795   0x00000028   Data   RO         4765    .constdata          c_w.l(_printf_hex_int_ll_ptr.o)
    0x080087bd   0x080087bd   0x00000011   Data   RO         4785    .constdata          c_w.l(__printf_flags_ss_wp.o)
    0x080087ce   0x080087ce   0x00000002   PAD
    0x080087d0   0x080087d0   0x00000088   Data   RO         4889    .constdata          m_ws.l(pow.o)
    0x08008858   0x08008858   0x00000008   Data   RO         4946    .constdata          c_w.l(_printf_wctomb.o)
    0x08008860   0x08008860   0x00000008   Data   RO         5064    .constdata          m_ws.l(qnan.o)
    0x08008868   0x08008868   0x00000026   Data   RO         5116    .constdata          c_w.l(_printf_fp_hex.o)
    0x0800888e   0x0800888e   0x00000002   PAD
    0x08008890   0x08008890   0x00000094   Data   RO         5127    .constdata          c_w.l(bigflt0.o)
    0x08008924   0x08008924   0x00000047   Data   RO         3819    .conststring        onenet.o
    0x0800896b   0x0800896b   0x00000001   PAD
    0x0800896c   0x0800896c   0x00000020   Data   RO         5267    Region$$Table       anon$$obj.o
    0x0800898c   0x0800898c   0x00000110   Data   RO         5153    locale$$data        c_w.l(lc_ctype_c.o)
    0x08008a9c   0x08008a9c   0x0000001c   Data   RO         5156    locale$$data        c_w.l(lc_numeric_c.o)


    Execution Region RW_IRAM1 (Exec base: 0x20000000, Load base: 0x08008ab8, Size: 0x00000ca8, Max: 0x00005000, ABSOLUTE)

    Exec Addr    Load Addr    Size         Type   Attr      Idx    E Section Name        Object

    0x20000000   0x08008ab8   0x00000014   Data   RW         1805    .data               stm32f10x_rcc.o
    0x20000014   0x08008acc   0x00000001   Data   RW         3421    .data               dht11.o
    0x20000015   0x08008acd   0x00000001   PAD
    0x20000016   0x08008ace   0x00000004   Data   RW         3673    .data               esp8266.o
    0x2000001a   0x08008ad2   0x00000002   PAD
    0x2000001c   0x08008ad4   0x00000012   Data   RW         3820    .data               onenet.o
    0x2000002e   0x08008ae6   0x00000002   PAD
    0x20000030   0x08008ae8   0x0000000c   Data   RW         4137    .data               cjson.o
    0x2000003c   0x08008af4   0x00000008   Data   RW         4536    .data               main.o
    0x20000044        -       0x00000200   Zero   RW         3672    .bss                esp8266.o
    0x20000244        -       0x00000060   Zero   RW         5076    .bss                c_w.l(libspace.o)
    0x200002a4   0x08008afc   0x00000004   PAD
    0x200002a8        -       0x00000200   Zero   RW            2    HEAP                startup_stm32f10x_md.o
    0x200004a8        -       0x00000800   Zero   RW            1    STACK               startup_stm32f10x_md.o


==============================================================================

Image component sizes


      Code (inc. data)   RO Data    RW Data    ZI Data      Debug   Object Name

       258         16          0          0          0       1671   adc.o
       688          8        192          0          0       3384   base64.o
       112          0          0          0          0       1412   bh1750.o
      2176         82          7         12          0      11233   cjson.o
         0          0          0          0          0       4508   core_cm3.o
        70          0          0          0          0        882   delay.o
       486         26          0          1          0       3568   dht11.o
       704        226          0          4        512       4639   esp8266.o
      1120         30          0          0          0       4147   hmac_sha1.o
       796        118          0          8          0       2336   main.o
       132         22          0          0          0     213639   misc.o
       132         16          0          0          0        958   motor.o
      2374         58          0          0          0      11540   mqttkit.o
       334         24          0          0          0       4634   myi2c.o
       922         28       2480          0          0       7921   oled.o
      2472        910         71         18          0      10529   onenet.o
       164          4          0          0          0       1061   pwm.o
       108         20          0          0          0       1264   relay.o
       104         16          0          0          0        964   soil_humi.o
       112         22          0          0          0       1272   spray.o
        64         26        236          0       2560        800   startup_stm32f10x_md.o
       486         24          0          0          0      18514   stm32f10x_adc.o
       314          0          0          0          0      12180   stm32f10x_gpio.o
        26          0          0          0          0       3542   stm32f10x_it.o
       332         44          0         20          0      13834   stm32f10x_rcc.o
       448         52          0          0          0      26027   stm32f10x_tim.o
       450          6          0          0          0      11691   stm32f10x_usart.o
       328         28          0          0          0      45041   system_stm32f10x.o
       326         14          0          0          0       3775   usart.o

    ----------------------------------------------------------------------
     16078       1820       3019         68       3072     426966   Object Totals
         0          0         32          0          0          0   (incl. Generated)
        40          0          1          5          0          0   (incl. Padding)

    ----------------------------------------------------------------------

      Code (inc. data)   RO Data    RW Data    ZI Data      Debug   Library Member Name

        56          6          0          0          0         88   __2snprintf.o
        44          6          0          0          0         84   __2sprintf.o
         8          0          0          0          0         68   __main.o
       392          4         17          0          0         92   __printf_flags_ss_wp.o
        14          0          0          0          0         68   __printf_wp.o
         0          0          0          0          0          0   __rtentry.o
        12          0          0          0          0          0   __rtentry2.o
         6          0          0          0          0          0   __rtentry4.o
        52          8          0          0          0          0   __scatter.o
        26          0          0          0          0          0   __scatter_copy.o
        28          0          0          0          0          0   __scatter_zi.o
         6          0          0          0          0          0   _printf_a.o
         6          0          0          0          0          0   _printf_c.o
        44          0          0          0          0        108   _printf_char.o
        48          6          0          0          0         96   _printf_char_common.o
        40          0          0          0          0         68   _printf_charcount.o
         6          0          0          0          0          0   _printf_d.o
       120         16          0          0          0         92   _printf_dec.o
         6          0          0          0          0          0   _printf_e.o
         6          0          0          0          0          0   _printf_f.o
      1054          0          0          0          0        216   _printf_fp_dec.o
       764          8         38          0          0        100   _printf_fp_hex.o
       128         16          0          0          0         84   _printf_fp_infnan.o
         6          0          0          0          0          0   _printf_g.o
       148          4         40          0          0        160   _printf_hex_int_ll_ptr.o
         6          0          0          0          0          0   _printf_i.o
       178          0          0          0          0         88   _printf_intcommon.o
        10          0          0          0          0          0   _printf_l.o
         6          0          0          0          0          0   _printf_lc.o
        10          0          0          0          0          0   _printf_ll.o
         6          0          0          0          0          0   _printf_lld.o
         6          0          0          0          0          0   _printf_lli.o
         6          0          0          0          0          0   _printf_llo.o
         6          0          0          0          0          0   _printf_llu.o
         6          0          0          0          0          0   _printf_llx.o
       124         16          0          0          0         92   _printf_longlong_dec.o
         6          0          0          0          0          0   _printf_ls.o
         6          0          0          0          0          0   _printf_n.o
         6          0          0          0          0          0   _printf_o.o
       112         10          0          0          0        124   _printf_oct_int_ll.o
         6          0          0          0          0          0   _printf_p.o
        78          0          0          0          0        108   _printf_pad.o
         0          0          0          0          0          0   _printf_percent.o
         4          0          0          0          0          0   _printf_percent_end.o
         6          0          0          0          0          0   _printf_s.o
        82          0          0          0          0         80   _printf_str.o
        36          0          0          0          0         84   _printf_truncate.o
         6          0          0          0          0          0   _printf_u.o
        44          0          0          0          0        108   _printf_wchar.o
       188          6          8          0          0         92   _printf_wctomb.o
         6          0          0          0          0          0   _printf_x.o
        22          0          0          0          0        100   _rserrno.o
        16          0          0          0          0         68   _snputc.o
        10          0          0          0          0         68   _sputc.o
        64          0          0          0          0         92   _wcrtomb.o
       228          4        148          0          0         96   bigflt0.o
      1936        128          0          0          0        672   btod.o
        10          0          0          0          0         68   defsig_exit.o
        50          0          0          0          0         88   defsig_general.o
        80         58          0          0          0         76   defsig_rtmem_inner.o
        14          0          0          0          0         80   defsig_rtmem_outer.o
        18          0          0          0          0         80   exit.o
        94          0          0          0          0         80   h1_alloc.o
        52          0          0          0          0         68   h1_extend.o
        78          0          0          0          0         80   h1_free.o
        14          0          0          0          0         84   h1_init.o
         6          0          0          0          0        152   heapauxi.o
         4          0          0          0          0        136   hguard.o
         0          0          0          0          0          0   indicate_semi.o
       138          0          0          0          0        168   init_alloc.o
        44         10        272          0          0         76   lc_ctype_c.o
        44         10         28          0          0         76   lc_numeric_c.o
         2          0          0          0          0          0   libinit.o
        38          0          0          0          0          0   libinit2.o
         2          0          0          0          0          0   libshutdown.o
         2          0          0          0          0          0   libshutdown2.o
         8          4          0          0         96         68   libspace.o
       138          0          0          0          0         80   lludiv10.o
         0          0          0          0          0          0   maybetermalloc1.o
        16          4          0          0          0         76   rt_ctype_table.o
         8          4          0          0          0         68   rt_errno_addr_intlibspace.o
         8          4          0          0          0         68   rt_heap_descriptor_intlibspace.o
         8          4          0          0          0         68   rt_locale_intlibspace.o
        68          0          0          0          0         68   rt_memclr.o
        78          0          0          0          0         80   rt_memclr_w.o
       138          0          0          0          0         68   rt_memcpy_v6.o
       100          0          0          0          0         80   rt_memcpy_w.o
         2          0          0          0          0          0   rtexit.o
        10          0          0          0          0          0   rtexit2.o
        24          0          0          0          0         68   strcat.o
        20          0          0          0          0         68   strchr.o
       128          0          0          0          0         68   strcmpv7m.o
        72          0          0          0          0         80   strcpy.o
        62          0          0          0          0         76   strlen.o
        36          0          0          0          0         76   strncat.o
       150          0          0          0          0         80   strncmp.o
        36          0          0          0          0         80   strstr.o
        12          4          0          0          0         68   sys_exit.o
        74          0          0          0          0         80   sys_stackheap_outer.o
        14          0          0          0          0         76   sys_wrch.o
        26          0          0          0          0         76   tolower.o
         2          0          0          0          0         68   use_no_semi.o
        52          4          0          0          0         80   vsnprintf.o
       826         16          0          0          0        348   daddsub_clz.o
        16          4          0          0          0         68   dcheck1.o
        24          0          0          0          0         68   dcmpi.o
       688        140          0          0          0        208   ddiv.o
        94          4          0          0          0         92   dfix.o
        90          4          0          0          0         92   dfixu.o
        84          0          0          0          0        136   dflt_clz.o
       120          4          0          0          0         92   dleqf.o
       340         12          0          0          0        104   dmul.o
       156          4          0          0          0         92   dnaninf.o
        12          0          0          0          0         68   dretinf.o
       108          0          0          0          0         80   drleqf.o
       460         56          0          0          0        120   dsqrt_noumaal.o
       430          8          0          0          0        168   faddsub_clz.o
       388         76          0          0          0         96   fdiv.o
        62          4          0          0          0         84   ffixu.o
        38          0          0          0          0         68   fflt_clz.o
       258          4          0          0          0         84   fmul.o
       140          4          0          0          0         84   fnaninf.o
        10          0          0          0          0         68   fretinf.o
         4          0          0          0          0         68   printf1.o
         4          0          0          0          0         68   printf2.o
       100          0          0          0          0         68   retnan.o
        92          0          0          0          0         68   scalbn.o
        48          0          0          0          0         68   trapv.o
         0          0          0          0          0          0   usenofp.o
        62         10          0          0          0        340   dunder.o
        40          0          0          0          0         68   fpclassify.o
       170          0          0          0          0         96   poly.o
      2520        190        136          0          0        324   pow.o
         0          0          8          0          0          0   qnan.o
        76          0          0          0          0         84   sqrt.o

    ----------------------------------------------------------------------
     15716        884        699          0        100       9748   Library Totals
        30          0          4          0          4          0   (incl. Padding)

    ----------------------------------------------------------------------

      Code (inc. data)   RO Data    RW Data    ZI Data      Debug   Library Name

      8226        344        551          0         96       6276   c_w.l
      4592        340          0          0          0       2560   fz_ws.l
      2868        200        144          0          0        912   m_ws.l

    ----------------------------------------------------------------------
     15716        884        699          0        100       9748   Library Totals

    ----------------------------------------------------------------------

==============================================================================


      Code (inc. data)   RO Data    RW Data    ZI Data      Debug   

     31794       2704       3718         68       3172     423138   Grand Totals
     31794       2704       3718         68       3172     423138   ELF Image Totals
     31794       2704       3718         68          0          0   ROM Totals

==============================================================================

    Total RO  Size (Code + RO Data)                35512 (  34.68kB)
    Total RW  Size (RW Data + ZI Data)              3240 (   3.16kB)
    Total ROM Size (Code + RO Data + RW Data)      35580 (  34.75kB)

==============================================================================

